<?xml version="1.0" encoding="utf-8"?>
<TestRun id="3bd4a9bd-994b-4040-a875-f2f83f87991e" name="natha@MYCOMPUTER 2025-10-09 20:20:33" runUser="MYCOMPUTER\natha" xmlns="http://microsoft.com/schemas/VisualStudio/TeamTest/2010">
  <Times creation="2025-10-09T20:20:33.7923080-04:00" queuing="2025-10-09T20:20:33.7923080-04:00" start="2025-10-09T20:20:30.8490671-04:00" finish="2025-10-09T20:20:35.2163569-04:00" />
  <TestSettings name="default" id="1b776be5-e741-488d-a564-cae2b567440d">
    <Deployment runDeploymentRoot="natha_MYCOMPUTER_2025-10-09_20_20_33" />
  </TestSettings>
  <Results>
    <UnitTestResult executionId="df0e0892-1664-4cc3-9404-487dbf8d118f" testId="45bbe590-e7fa-a738-6832-4cfd0d74d08b" testName="BuscarLibro_DeberiaRetornarCoincidencias" computerName="MYCOMPUTER" duration="00:00:03.0305865" startTime="2025-10-09T20:20:31.8313611-04:00" endTime="2025-10-09T20:20:34.9442657-04:00" testType="13cdc9d9-ddb5-4fa4-a97d-d965ccfc6d4b" outcome="Passed" testListId="8c84fa94-04c1-424b-9868-57a2d4851a1d" relativeResultsDirectory="df0e0892-1664-4cc3-9404-487dbf8d118f" />
    <UnitTestResult executionId="cfc4b9fb-4691-4f19-a2ff-ece504cb895f" testId="0f87dc05-79c9-73c1-3fa6-130ec8e0701e" testName="ObtenerPrestamosVencidos_DeberiaRetornarPrestamosConFechaVencida" computerName="MYCOMPUTER" duration="00:00:03.0227203" startTime="2025-10-09T20:20:31.9057587-04:00" endTime="2025-10-09T20:20:34.9374109-04:00" testType="13cdc9d9-ddb5-4fa4-a97d-d965ccfc6d4b" outcome="Failed" testListId="8c84fa94-04c1-424b-9868-57a2d4851a1d" relativeResultsDirectory="cfc4b9fb-4691-4f19-a2ff-ece504cb895f">
      <Output>
        <ErrorInfo>
          <Message>Excepción método de prueba Tests.PrestamoServiceTests.ObtenerPrestamosVencidos_DeberiaRetornarPrestamosConFechaVencida:&#xD;
Microsoft.EntityFrameworkCore.DbUpdateException: An error occurred while saving the entity changes. See the inner exception for details. ---&gt; Microsoft.Data.SqlClient.SqlException: El nombre de columna 'FechaCreacion' no es válido.&#xD;
El nombre de columna 'FechaModificacion' no es válido.</Message>
          <StackTrace>    at Microsoft.Data.SqlClient.SqlConnection.OnError(SqlException exception, Boolean breakConnection, Action`1 wrapCloseInAction)&#xD;
   at Microsoft.Data.SqlClient.SqlInternalConnection.OnError(SqlException exception, Boolean breakConnection, Action`1 wrapCloseInAction)&#xD;
   at Microsoft.Data.SqlClient.TdsParser.ThrowExceptionAndWarning(TdsParserStateObject stateObj, Boolean callerHasConnectionLock, Boolean asyncClose)&#xD;
   at Microsoft.Data.SqlClient.TdsParser.TryRun(RunBehavior runBehavior, SqlCommand cmdHandler, SqlDataReader dataStream, BulkCopySimpleResultSet bulkCopyHandler, TdsParserStateObject stateObj, Boolean&amp; dataReady)&#xD;
   at Microsoft.Data.SqlClient.SqlDataReader.TryConsumeMetaData()&#xD;
   at Microsoft.Data.SqlClient.SqlDataReader.get_MetaData()&#xD;
   at Microsoft.Data.SqlClient.SqlCommand.FinishExecuteReader(SqlDataReader ds, RunBehavior runBehavior, String resetOptionsString, Boolean isInternal, Boolean forDescribeParameterEncryption, Boolean shouldCacheForAlwaysEncrypted)&#xD;
   at Microsoft.Data.SqlClient.SqlCommand.RunExecuteReaderTds(CommandBehavior cmdBehavior, RunBehavior runBehavior, Boolean returnStream, Boolean isAsync, Int32 timeout, Task&amp; task, Boolean asyncWrite, Boolean inRetry, SqlDataReader ds, Boolean describeParameterEncryptionRequest)&#xD;
   at Microsoft.Data.SqlClient.SqlCommand.RunExecuteReader(CommandBehavior cmdBehavior, RunBehavior runBehavior, Boolean returnStream, TaskCompletionSource`1 completion, Int32 timeout, Task&amp; task, Boolean&amp; usedCache, Boolean asyncWrite, Boolean inRetry, String method)&#xD;
   at Microsoft.Data.SqlClient.SqlCommand.RunExecuteReader(CommandBehavior cmdBehavior, RunBehavior runBehavior, Boolean returnStream, String method)&#xD;
   at Microsoft.Data.SqlClient.SqlCommand.ExecuteReader(CommandBehavior behavior)&#xD;
   at Microsoft.Data.SqlClient.SqlCommand.ExecuteDbDataReader(CommandBehavior behavior)&#xD;
   at Microsoft.EntityFrameworkCore.Storage.RelationalCommand.ExecuteReader(RelationalCommandParameterObject parameterObject)&#xD;
   at Microsoft.EntityFrameworkCore.Update.ReaderModificationCommandBatch.Execute(IRelationalConnection connection)&#xD;
--- Fin del seguimiento de la pila de excepción interna ---&#xD;
    at Microsoft.EntityFrameworkCore.Update.ReaderModificationCommandBatch.Execute(IRelationalConnection connection)&#xD;
   at Microsoft.EntityFrameworkCore.SqlServer.Update.Internal.SqlServerModificationCommandBatch.Execute(IRelationalConnection connection)&#xD;
   at Microsoft.EntityFrameworkCore.Update.Internal.BatchExecutor.Execute(IEnumerable`1 commandBatches, IRelationalConnection connection)&#xD;
   at Microsoft.EntityFrameworkCore.Storage.RelationalDatabase.SaveChanges(IList`1 entries)&#xD;
   at Microsoft.EntityFrameworkCore.ChangeTracking.Internal.StateManager.SaveChanges(IList`1 entriesToSave)&#xD;
   at Microsoft.EntityFrameworkCore.ChangeTracking.Internal.StateManager.SaveChanges(StateManager stateManager, Boolean acceptAllChangesOnSuccess)&#xD;
   at Microsoft.EntityFrameworkCore.ChangeTracking.Internal.StateManager.&lt;&gt;c.&lt;SaveChanges&gt;b__112_0(DbContext _, ValueTuple`2 t)&#xD;
   at Microsoft.EntityFrameworkCore.SqlServer.Storage.Internal.SqlServerExecutionStrategy.Execute[TState,TResult](TState state, Func`3 operation, Func`3 verifySucceeded)&#xD;
   at Microsoft.EntityFrameworkCore.ChangeTracking.Internal.StateManager.SaveChanges(Boolean acceptAllChangesOnSuccess)&#xD;
   at Microsoft.EntityFrameworkCore.DbContext.SaveChanges(Boolean acceptAllChangesOnSuccess)&#xD;
   at Microsoft.EntityFrameworkCore.DbContext.SaveChanges()&#xD;
   at Tests.PrestamoServiceTests.ObtenerPrestamosVencidos_DeberiaRetornarPrestamosConFechaVencida() in C:\Users\natha\Desktop\PROYECTO II\SIGEBI2\Tests\PrestamoServiceTests.cs:line 214&#xD;
</StackTrace>
        </ErrorInfo>
      </Output>
    </UnitTestResult>
    <UnitTestResult executionId="d95e3388-1647-412d-9ff5-7a27509443d2" testId="198e8709-fae6-e5af-47ec-940a71201de4" testName="ActualizarLibro_DeberiaModificarCampos" computerName="MYCOMPUTER" duration="00:00:03.0277638" startTime="2025-10-09T20:20:31.8315952-04:00" endTime="2025-10-09T20:20:34.9413915-04:00" testType="13cdc9d9-ddb5-4fa4-a97d-d965ccfc6d4b" outcome="Passed" testListId="8c84fa94-04c1-424b-9868-57a2d4851a1d" relativeResultsDirectory="d95e3388-1647-412d-9ff5-7a27509443d2" />
    <UnitTestResult executionId="cdf5649e-a456-4686-a7d6-bc52ed82ba67" testId="c63944cf-742c-8f06-2dba-ad74ec80fcb2" testName="CambiarDisponibilidad_DeberiaActualizarEstado" computerName="MYCOMPUTER" duration="00:00:03.0287438" startTime="2025-10-09T20:20:31.8316218-04:00" endTime="2025-10-09T20:20:34.9423282-04:00" testType="13cdc9d9-ddb5-4fa4-a97d-d965ccfc6d4b" outcome="Passed" testListId="8c84fa94-04c1-424b-9868-57a2d4851a1d" relativeResultsDirectory="cdf5649e-a456-4686-a7d6-bc52ed82ba67" />
    <UnitTestResult executionId="b73d6f9f-a63e-473b-97e7-ec5e14ed7c8f" testId="95f0d1c0-bd2e-e7ca-f2b0-3d365b7c63cb" testName="RegistrarPrestamo_DeberiaCrearPrestamoYDetalles" computerName="MYCOMPUTER" duration="00:00:03.0226295" startTime="2025-10-09T20:20:31.9057905-04:00" endTime="2025-10-09T20:20:34.9373190-04:00" testType="13cdc9d9-ddb5-4fa4-a97d-d965ccfc6d4b" outcome="Failed" testListId="8c84fa94-04c1-424b-9868-57a2d4851a1d" relativeResultsDirectory="b73d6f9f-a63e-473b-97e7-ec5e14ed7c8f">
      <Output>
        <ErrorInfo>
          <Message>Error de Assert.IsTrue. ❌ Falló el registro de préstamo: No se pudo registrar el préstamo en la base de datos.</Message>
          <StackTrace>   at Tests.PrestamoServiceTests.RegistrarPrestamo_DeberiaCrearPrestamoYDetalles() in C:\Users\natha\Desktop\PROYECTO II\SIGEBI2\Tests\PrestamoServiceTests.cs:line 83&#xD;
</StackTrace>
        </ErrorInfo>
      </Output>
    </UnitTestResult>
    <UnitTestResult executionId="2004d9f7-1636-4ec1-b410-8b1fc390116e" testId="80809000-ad3e-9518-968f-7d6850b255ba" testName="ActivarUsuario_DeberiaCambiarEstado" computerName="MYCOMPUTER" duration="00:00:03.0358985" startTime="2025-10-09T20:20:31.9058704-04:00" endTime="2025-10-09T20:20:34.9495200-04:00" testType="13cdc9d9-ddb5-4fa4-a97d-d965ccfc6d4b" outcome="Passed" testListId="8c84fa94-04c1-424b-9868-57a2d4851a1d" relativeResultsDirectory="2004d9f7-1636-4ec1-b410-8b1fc390116e" />
    <UnitTestResult executionId="e39cacdc-55d4-436c-87dd-b63e047a4b13" testId="592fafa7-e46b-fc80-bd9b-2b8aea086276" testName="CrearLibro_DeberiaAgregarLibro" computerName="MYCOMPUTER" duration="00:00:02.8567884" startTime="2025-10-09T20:20:31.8316499-04:00" endTime="2025-10-09T20:20:34.7705945-04:00" testType="13cdc9d9-ddb5-4fa4-a97d-d965ccfc6d4b" outcome="Passed" testListId="8c84fa94-04c1-424b-9868-57a2d4851a1d" relativeResultsDirectory="e39cacdc-55d4-436c-87dd-b63e047a4b13" />
    <UnitTestResult executionId="611ae739-4678-4d03-adde-62ab048a82c8" testId="3a16017c-c8ea-3bf1-d29e-cbfb5aaae83a" testName="ObtenerPrestamosActivosPorUsuario_DeberiaRetornarLista" computerName="MYCOMPUTER" duration="00:00:03.1731381" startTime="2025-10-09T20:20:31.8317238-04:00" endTime="2025-10-09T20:20:35.0888591-04:00" testType="13cdc9d9-ddb5-4fa4-a97d-d965ccfc6d4b" outcome="Failed" testListId="8c84fa94-04c1-424b-9868-57a2d4851a1d" relativeResultsDirectory="611ae739-4678-4d03-adde-62ab048a82c8">
      <Output>
        <ErrorInfo>
          <Message>Excepción método de prueba Tests.PrestamoServiceTests.ObtenerPrestamosActivosPorUsuario_DeberiaRetornarLista:&#xD;
Microsoft.Data.SqlClient.SqlException: El nombre de columna 'Activo' no es válido.&#xD;
El nombre de columna 'FechaCreacion' no es válido.&#xD;
El nombre de columna 'FechaModificacion' no es válido.&#xD;
El nombre de columna 'FechaCreacion' no es válido.&#xD;
El nombre de columna 'FechaModificacion' no es válido.</Message>
          <StackTrace>    at Microsoft.Data.SqlClient.SqlCommand.&lt;&gt;c.&lt;ExecuteDbDataReaderAsync&gt;b__211_0(Task`1 result)&#xD;
   at System.Threading.Tasks.ContinuationResultTaskFromResultTask`2.InnerInvoke()&#xD;
   at System.Threading.ExecutionContext.RunInternal(ExecutionContext executionContext, ContextCallback callback, Object state)&#xD;
--- End of stack trace from previous location ---&#xD;
   at System.Threading.ExecutionContext.RunInternal(ExecutionContext executionContext, ContextCallback callback, Object state)&#xD;
   at System.Threading.Tasks.Task.ExecuteWithThreadLocal(Task&amp; currentTaskSlot, Thread threadPoolThread)&#xD;
--- End of stack trace from previous location ---&#xD;
   at Microsoft.EntityFrameworkCore.Storage.RelationalCommand.ExecuteReaderAsync(RelationalCommandParameterObject parameterObject, CancellationToken cancellationToken)&#xD;
   at Microsoft.EntityFrameworkCore.Storage.RelationalCommand.ExecuteReaderAsync(RelationalCommandParameterObject parameterObject, CancellationToken cancellationToken)&#xD;
   at Microsoft.EntityFrameworkCore.Query.Internal.SingleQueryingEnumerable`1.AsyncEnumerator.InitializeReaderAsync(AsyncEnumerator enumerator, CancellationToken cancellationToken)&#xD;
   at Microsoft.EntityFrameworkCore.SqlServer.Storage.Internal.SqlServerExecutionStrategy.ExecuteAsync[TState,TResult](TState state, Func`4 operation, Func`4 verifySucceeded, CancellationToken cancellationToken)&#xD;
   at Microsoft.EntityFrameworkCore.Query.Internal.SingleQueryingEnumerable`1.AsyncEnumerator.MoveNextAsync()&#xD;
   at Microsoft.EntityFrameworkCore.EntityFrameworkQueryableExtensions.ToListAsync[TSource](IQueryable`1 source, CancellationToken cancellationToken)&#xD;
   at Microsoft.EntityFrameworkCore.EntityFrameworkQueryableExtensions.ToListAsync[TSource](IQueryable`1 source, CancellationToken cancellationToken)&#xD;
   at SIGEBI.Persistence.Repositories.PrestamoRepository.ObtenerPorUsuarioAsync(Int32 usuarioId) in C:\Users\natha\Desktop\PROYECTO II\Persistence\Repositories\PrestamoRepository.cs:line 19&#xD;
   at SIGEBI.Application.Services.PrestamoService.ObtenerPrestamosActivosPorUsuarioAsync(Int32 usuarioId) in C:\Users\natha\Desktop\PROYECTO II\Application\Services\PrestamoService.cs:line 141&#xD;
   at Tests.PrestamoServiceTests.ObtenerPrestamosActivosPorUsuario_DeberiaRetornarLista() in C:\Users\natha\Desktop\PROYECTO II\SIGEBI2\Tests\PrestamoServiceTests.cs:line 169&#xD;
</StackTrace>
        </ErrorInfo>
      </Output>
    </UnitTestResult>
    <UnitTestResult executionId="c278bf82-c79f-49e6-9647-9ff34c22e95c" testId="9ce84978-507e-9212-92e2-c7c3c7e2d4eb" testName="DesactivarUsuario_DeberiaCambiarEstado" computerName="MYCOMPUTER" duration="00:00:03.0358146" startTime="2025-10-09T20:20:31.9059530-04:00" endTime="2025-10-09T20:20:34.9494993-04:00" testType="13cdc9d9-ddb5-4fa4-a97d-d965ccfc6d4b" outcome="Passed" testListId="8c84fa94-04c1-424b-9868-57a2d4851a1d" relativeResultsDirectory="c278bf82-c79f-49e6-9647-9ff34c22e95c" />
    <UnitTestResult executionId="8b918166-49ec-426d-b8dd-fd96996cfe9d" testId="5b95f6e0-6eba-402b-5f87-95cad14ce473" testName="EliminarLibro_DeberiaDesactivarEntidad" computerName="MYCOMPUTER" duration="00:00:03.0290942" startTime="2025-10-09T20:20:31.8316722-04:00" endTime="2025-10-09T20:20:34.9426802-04:00" testType="13cdc9d9-ddb5-4fa4-a97d-d965ccfc6d4b" outcome="Passed" testListId="8c84fa94-04c1-424b-9868-57a2d4851a1d" relativeResultsDirectory="8b918166-49ec-426d-b8dd-fd96996cfe9d" />
    <UnitTestResult executionId="66a89fd3-a6ee-462c-95b5-fc3969c4825a" testId="f072455d-d1c7-b3df-601d-0e137fd171ae" testName="ActualizarUsuario_DeberiaModificarDatos" computerName="MYCOMPUTER" duration="00:00:03.0351944" startTime="2025-10-09T20:20:31.8313903-04:00" endTime="2025-10-09T20:20:34.9488511-04:00" testType="13cdc9d9-ddb5-4fa4-a97d-d965ccfc6d4b" outcome="Passed" testListId="8c84fa94-04c1-424b-9868-57a2d4851a1d" relativeResultsDirectory="66a89fd3-a6ee-462c-95b5-fc3969c4825a" />
    <UnitTestResult executionId="d53a1386-ce54-4e0b-800c-67bc6b55353e" testId="c7114356-7df2-9da0-c4ef-82cfd3ee0779" testName="CrearUsuario_DeberiaGuardarCorrectamente" computerName="MYCOMPUTER" duration="00:00:03.0316964" startTime="2025-10-09T20:20:31.9059082-04:00" endTime="2025-10-09T20:20:34.9453419-04:00" testType="13cdc9d9-ddb5-4fa4-a97d-d965ccfc6d4b" outcome="Passed" testListId="8c84fa94-04c1-424b-9868-57a2d4851a1d" relativeResultsDirectory="d53a1386-ce54-4e0b-800c-67bc6b55353e" />
    <UnitTestResult executionId="b322a88e-61c9-44b9-ba2a-52baddf2c52d" testId="7d52a1f8-3a44-d1c8-4163-e0633e897ad2" testName="EstaDisponible_DeberiaRetornarTruePorDefecto" computerName="MYCOMPUTER" duration="00:00:03.0281934" startTime="2025-10-09T20:20:31.8317045-04:00" endTime="2025-10-09T20:20:34.9420106-04:00" testType="13cdc9d9-ddb5-4fa4-a97d-d965ccfc6d4b" outcome="Passed" testListId="8c84fa94-04c1-424b-9868-57a2d4851a1d" relativeResultsDirectory="b322a88e-61c9-44b9-ba2a-52baddf2c52d" />
    <UnitTestResult executionId="22b896f0-87d4-4677-8cfb-f49b78133e0d" testId="866774c8-1d71-53ee-66e6-d59f9be5aeb2" testName="RegistrarDevolucion_DeberiaActualizarLibroYMarcarPrestamoCerrado" computerName="MYCOMPUTER" duration="00:00:03.0226113" startTime="2025-10-09T20:20:31.9058229-04:00" endTime="2025-10-09T20:20:34.9373855-04:00" testType="13cdc9d9-ddb5-4fa4-a97d-d965ccfc6d4b" outcome="Failed" testListId="8c84fa94-04c1-424b-9868-57a2d4851a1d" relativeResultsDirectory="22b896f0-87d4-4677-8cfb-f49b78133e0d">
      <Output>
        <ErrorInfo>
          <Message>Error de Assert.IsTrue. No se pudo registrar el préstamo: No se pudo registrar el préstamo en la base de datos.</Message>
          <StackTrace>   at Tests.PrestamoServiceTests.RegistrarDevolucion_DeberiaActualizarLibroYMarcarPrestamoCerrado() in C:\Users\natha\Desktop\PROYECTO II\SIGEBI2\Tests\PrestamoServiceTests.cs:line 123&#xD;
</StackTrace>
        </ErrorInfo>
      </Output>
    </UnitTestResult>
    <UnitTestResult executionId="7d92d3f4-7532-4daa-acd2-bcdc98daa05e" testId="4c5989ee-2eef-abd7-3d39-af27603ace72" testName="TestMethod1" computerName="MYCOMPUTER" duration="00:00:00.0102967" startTime="2025-10-09T20:20:31.8314163-04:00" endTime="2025-10-09T20:20:31.9318605-04:00" testType="13cdc9d9-ddb5-4fa4-a97d-d965ccfc6d4b" outcome="Passed" testListId="8c84fa94-04c1-424b-9868-57a2d4851a1d" relativeResultsDirectory="7d92d3f4-7532-4daa-acd2-bcdc98daa05e" />
    <UnitTestResult executionId="a030ef2e-ffd6-4459-98c9-2178deeea64a" testId="162c552b-224d-3eae-9009-bfb446c1baf1" testName="EliminarUsuario_DeberiaEliminarCorrectamente" computerName="MYCOMPUTER" duration="00:00:03.0036417" startTime="2025-10-09T20:20:31.9455045-04:00" endTime="2025-10-09T20:20:34.9495313-04:00" testType="13cdc9d9-ddb5-4fa4-a97d-d965ccfc6d4b" outcome="Passed" testListId="8c84fa94-04c1-424b-9868-57a2d4851a1d" relativeResultsDirectory="a030ef2e-ffd6-4459-98c9-2178deeea64a" />
    <UnitTestResult executionId="a0fa59d5-d54a-4f12-94b6-6ecba690acf9" testId="bf93dc6a-d071-3c56-1f3c-796e1d62f918" testName="ObtenerUsuarios_DeberiaRetornarLista" computerName="MYCOMPUTER" duration="00:00:02.2015743" startTime="2025-10-09T20:20:32.7383644-04:00" endTime="2025-10-09T20:20:34.9403934-04:00" testType="13cdc9d9-ddb5-4fa4-a97d-d965ccfc6d4b" outcome="Passed" testListId="8c84fa94-04c1-424b-9868-57a2d4851a1d" relativeResultsDirectory="a0fa59d5-d54a-4f12-94b6-6ecba690acf9" />
  </Results>
  <TestDefinitions>
    <UnitTest name="ObtenerPrestamosActivosPorUsuario_DeberiaRetornarLista" storage="c:\users\natha\desktop\proyecto ii\sigebi2\tests\bin\debug\net8.0\tests.dll" id="3a16017c-c8ea-3bf1-d29e-cbfb5aaae83a">
      <Execution id="611ae739-4678-4d03-adde-62ab048a82c8" />
      <TestMethod codeBase="C:\Users\natha\Desktop\PROYECTO II\SIGEBI2\Tests\bin\Debug\net8.0\Tests.dll" adapterTypeName="executor://mstestadapter/v2" className="Tests.PrestamoServiceTests" name="ObtenerPrestamosActivosPorUsuario_DeberiaRetornarLista" />
    </UnitTest>
    <UnitTest name="CambiarDisponibilidad_DeberiaActualizarEstado" storage="c:\users\natha\desktop\proyecto ii\sigebi2\tests\bin\debug\net8.0\tests.dll" id="c63944cf-742c-8f06-2dba-ad74ec80fcb2">
      <Execution id="cdf5649e-a456-4686-a7d6-bc52ed82ba67" />
      <TestMethod codeBase="C:\Users\natha\Desktop\PROYECTO II\SIGEBI2\Tests\bin\Debug\net8.0\Tests.dll" adapterTypeName="executor://mstestadapter/v2" className="Tests.LibroRepositoryTests" name="CambiarDisponibilidad_DeberiaActualizarEstado" />
    </UnitTest>
    <UnitTest name="ActualizarUsuario_DeberiaModificarDatos" storage="c:\users\natha\desktop\proyecto ii\sigebi2\tests\bin\debug\net8.0\tests.dll" id="f072455d-d1c7-b3df-601d-0e137fd171ae">
      <Execution id="66a89fd3-a6ee-462c-95b5-fc3969c4825a" />
      <TestMethod codeBase="C:\Users\natha\Desktop\PROYECTO II\SIGEBI2\Tests\bin\Debug\net8.0\Tests.dll" adapterTypeName="executor://mstestadapter/v2" className="Tests.UsuarioRepositoryTests" name="ActualizarUsuario_DeberiaModificarDatos" />
    </UnitTest>
    <UnitTest name="ActivarUsuario_DeberiaCambiarEstado" storage="c:\users\natha\desktop\proyecto ii\sigebi2\tests\bin\debug\net8.0\tests.dll" id="80809000-ad3e-9518-968f-7d6850b255ba">
      <Execution id="2004d9f7-1636-4ec1-b410-8b1fc390116e" />
      <TestMethod codeBase="C:\Users\natha\Desktop\PROYECTO II\SIGEBI2\Tests\bin\Debug\net8.0\Tests.dll" adapterTypeName="executor://mstestadapter/v2" className="Tests.UsuarioRepositoryTests" name="ActivarUsuario_DeberiaCambiarEstado" />
    </UnitTest>
    <UnitTest name="EliminarLibro_DeberiaDesactivarEntidad" storage="c:\users\natha\desktop\proyecto ii\sigebi2\tests\bin\debug\net8.0\tests.dll" id="5b95f6e0-6eba-402b-5f87-95cad14ce473">
      <Execution id="8b918166-49ec-426d-b8dd-fd96996cfe9d" />
      <TestMethod codeBase="C:\Users\natha\Desktop\PROYECTO II\SIGEBI2\Tests\bin\Debug\net8.0\Tests.dll" adapterTypeName="executor://mstestadapter/v2" className="Tests.LibroRepositoryTests" name="EliminarLibro_DeberiaDesactivarEntidad" />
    </UnitTest>
    <UnitTest name="RegistrarPrestamo_DeberiaCrearPrestamoYDetalles" storage="c:\users\natha\desktop\proyecto ii\sigebi2\tests\bin\debug\net8.0\tests.dll" id="95f0d1c0-bd2e-e7ca-f2b0-3d365b7c63cb">
      <Execution id="b73d6f9f-a63e-473b-97e7-ec5e14ed7c8f" />
      <TestMethod codeBase="C:\Users\natha\Desktop\PROYECTO II\SIGEBI2\Tests\bin\Debug\net8.0\Tests.dll" adapterTypeName="executor://mstestadapter/v2" className="Tests.PrestamoServiceTests" name="RegistrarPrestamo_DeberiaCrearPrestamoYDetalles" />
    </UnitTest>
    <UnitTest name="ObtenerPrestamosVencidos_DeberiaRetornarPrestamosConFechaVencida" storage="c:\users\natha\desktop\proyecto ii\sigebi2\tests\bin\debug\net8.0\tests.dll" id="0f87dc05-79c9-73c1-3fa6-130ec8e0701e">
      <Execution id="cfc4b9fb-4691-4f19-a2ff-ece504cb895f" />
      <TestMethod codeBase="C:\Users\natha\Desktop\PROYECTO II\SIGEBI2\Tests\bin\Debug\net8.0\Tests.dll" adapterTypeName="executor://mstestadapter/v2" className="Tests.PrestamoServiceTests" name="ObtenerPrestamosVencidos_DeberiaRetornarPrestamosConFechaVencida" />
    </UnitTest>
    <UnitTest name="RegistrarDevolucion_DeberiaActualizarLibroYMarcarPrestamoCerrado" storage="c:\users\natha\desktop\proyecto ii\sigebi2\tests\bin\debug\net8.0\tests.dll" id="866774c8-1d71-53ee-66e6-d59f9be5aeb2">
      <Execution id="22b896f0-87d4-4677-8cfb-f49b78133e0d" />
      <TestMethod codeBase="C:\Users\natha\Desktop\PROYECTO II\SIGEBI2\Tests\bin\Debug\net8.0\Tests.dll" adapterTypeName="executor://mstestadapter/v2" className="Tests.PrestamoServiceTests" name="RegistrarDevolucion_DeberiaActualizarLibroYMarcarPrestamoCerrado" />
    </UnitTest>
    <UnitTest name="DesactivarUsuario_DeberiaCambiarEstado" storage="c:\users\natha\desktop\proyecto ii\sigebi2\tests\bin\debug\net8.0\tests.dll" id="9ce84978-507e-9212-92e2-c7c3c7e2d4eb">
      <Execution id="c278bf82-c79f-49e6-9647-9ff34c22e95c" />
      <TestMethod codeBase="C:\Users\natha\Desktop\PROYECTO II\SIGEBI2\Tests\bin\Debug\net8.0\Tests.dll" adapterTypeName="executor://mstestadapter/v2" className="Tests.UsuarioRepositoryTests" name="DesactivarUsuario_DeberiaCambiarEstado" />
    </UnitTest>
    <UnitTest name="TestMethod1" storage="c:\users\natha\desktop\proyecto ii\sigebi2\tests\bin\debug\net8.0\tests.dll" id="4c5989ee-2eef-abd7-3d39-af27603ace72">
      <Execution id="7d92d3f4-7532-4daa-acd2-bcdc98daa05e" />
      <TestMethod codeBase="C:\Users\natha\Desktop\PROYECTO II\SIGEBI2\Tests\bin\Debug\net8.0\Tests.dll" adapterTypeName="executor://mstestadapter/v2" className="Tests.Test1" name="TestMethod1" />
    </UnitTest>
    <UnitTest name="BuscarLibro_DeberiaRetornarCoincidencias" storage="c:\users\natha\desktop\proyecto ii\sigebi2\tests\bin\debug\net8.0\tests.dll" id="45bbe590-e7fa-a738-6832-4cfd0d74d08b">
      <Execution id="df0e0892-1664-4cc3-9404-487dbf8d118f" />
      <TestMethod codeBase="C:\Users\natha\Desktop\PROYECTO II\SIGEBI2\Tests\bin\Debug\net8.0\Tests.dll" adapterTypeName="executor://mstestadapter/v2" className="Tests.LibroRepositoryTests" name="BuscarLibro_DeberiaRetornarCoincidencias" />
    </UnitTest>
    <UnitTest name="EstaDisponible_DeberiaRetornarTruePorDefecto" storage="c:\users\natha\desktop\proyecto ii\sigebi2\tests\bin\debug\net8.0\tests.dll" id="7d52a1f8-3a44-d1c8-4163-e0633e897ad2">
      <Execution id="b322a88e-61c9-44b9-ba2a-52baddf2c52d" />
      <TestMethod codeBase="C:\Users\natha\Desktop\PROYECTO II\SIGEBI2\Tests\bin\Debug\net8.0\Tests.dll" adapterTypeName="executor://mstestadapter/v2" className="Tests.LibroRepositoryTests" name="EstaDisponible_DeberiaRetornarTruePorDefecto" />
    </UnitTest>
    <UnitTest name="ObtenerUsuarios_DeberiaRetornarLista" storage="c:\users\natha\desktop\proyecto ii\sigebi2\tests\bin\debug\net8.0\tests.dll" id="bf93dc6a-d071-3c56-1f3c-796e1d62f918">
      <Execution id="a0fa59d5-d54a-4f12-94b6-6ecba690acf9" />
      <TestMethod codeBase="C:\Users\natha\Desktop\PROYECTO II\SIGEBI2\Tests\bin\Debug\net8.0\Tests.dll" adapterTypeName="executor://mstestadapter/v2" className="Tests.UsuarioRepositoryTests" name="ObtenerUsuarios_DeberiaRetornarLista" />
    </UnitTest>
    <UnitTest name="ActualizarLibro_DeberiaModificarCampos" storage="c:\users\natha\desktop\proyecto ii\sigebi2\tests\bin\debug\net8.0\tests.dll" id="198e8709-fae6-e5af-47ec-940a71201de4">
      <Execution id="d95e3388-1647-412d-9ff5-7a27509443d2" />
      <TestMethod codeBase="C:\Users\natha\Desktop\PROYECTO II\SIGEBI2\Tests\bin\Debug\net8.0\Tests.dll" adapterTypeName="executor://mstestadapter/v2" className="Tests.LibroRepositoryTests" name="ActualizarLibro_DeberiaModificarCampos" />
    </UnitTest>
    <UnitTest name="CrearUsuario_DeberiaGuardarCorrectamente" storage="c:\users\natha\desktop\proyecto ii\sigebi2\tests\bin\debug\net8.0\tests.dll" id="c7114356-7df2-9da0-c4ef-82cfd3ee0779">
      <Execution id="d53a1386-ce54-4e0b-800c-67bc6b55353e" />
      <TestMethod codeBase="C:\Users\natha\Desktop\PROYECTO II\SIGEBI2\Tests\bin\Debug\net8.0\Tests.dll" adapterTypeName="executor://mstestadapter/v2" className="Tests.UsuarioRepositoryTests" name="CrearUsuario_DeberiaGuardarCorrectamente" />
    </UnitTest>
    <UnitTest name="EliminarUsuario_DeberiaEliminarCorrectamente" storage="c:\users\natha\desktop\proyecto ii\sigebi2\tests\bin\debug\net8.0\tests.dll" id="162c552b-224d-3eae-9009-bfb446c1baf1">
      <Execution id="a030ef2e-ffd6-4459-98c9-2178deeea64a" />
      <TestMethod codeBase="C:\Users\natha\Desktop\PROYECTO II\SIGEBI2\Tests\bin\Debug\net8.0\Tests.dll" adapterTypeName="executor://mstestadapter/v2" className="Tests.UsuarioRepositoryTests" name="EliminarUsuario_DeberiaEliminarCorrectamente" />
    </UnitTest>
    <UnitTest name="CrearLibro_DeberiaAgregarLibro" storage="c:\users\natha\desktop\proyecto ii\sigebi2\tests\bin\debug\net8.0\tests.dll" id="592fafa7-e46b-fc80-bd9b-2b8aea086276">
      <Execution id="e39cacdc-55d4-436c-87dd-b63e047a4b13" />
      <TestMethod codeBase="C:\Users\natha\Desktop\PROYECTO II\SIGEBI2\Tests\bin\Debug\net8.0\Tests.dll" adapterTypeName="executor://mstestadapter/v2" className="Tests.LibroRepositoryTests" name="CrearLibro_DeberiaAgregarLibro" />
    </UnitTest>
  </TestDefinitions>
  <TestEntries>
    <TestEntry testId="45bbe590-e7fa-a738-6832-4cfd0d74d08b" executionId="df0e0892-1664-4cc3-9404-487dbf8d118f" testListId="8c84fa94-04c1-424b-9868-57a2d4851a1d" />
    <TestEntry testId="0f87dc05-79c9-73c1-3fa6-130ec8e0701e" executionId="cfc4b9fb-4691-4f19-a2ff-ece504cb895f" testListId="8c84fa94-04c1-424b-9868-57a2d4851a1d" />
    <TestEntry testId="198e8709-fae6-e5af-47ec-940a71201de4" executionId="d95e3388-1647-412d-9ff5-7a27509443d2" testListId="8c84fa94-04c1-424b-9868-57a2d4851a1d" />
    <TestEntry testId="c63944cf-742c-8f06-2dba-ad74ec80fcb2" executionId="cdf5649e-a456-4686-a7d6-bc52ed82ba67" testListId="8c84fa94-04c1-424b-9868-57a2d4851a1d" />
    <TestEntry testId="95f0d1c0-bd2e-e7ca-f2b0-3d365b7c63cb" executionId="b73d6f9f-a63e-473b-97e7-ec5e14ed7c8f" testListId="8c84fa94-04c1-424b-9868-57a2d4851a1d" />
    <TestEntry testId="80809000-ad3e-9518-968f-7d6850b255ba" executionId="2004d9f7-1636-4ec1-b410-8b1fc390116e" testListId="8c84fa94-04c1-424b-9868-57a2d4851a1d" />
    <TestEntry testId="592fafa7-e46b-fc80-bd9b-2b8aea086276" executionId="e39cacdc-55d4-436c-87dd-b63e047a4b13" testListId="8c84fa94-04c1-424b-9868-57a2d4851a1d" />
    <TestEntry testId="3a16017c-c8ea-3bf1-d29e-cbfb5aaae83a" executionId="611ae739-4678-4d03-adde-62ab048a82c8" testListId="8c84fa94-04c1-424b-9868-57a2d4851a1d" />
    <TestEntry testId="9ce84978-507e-9212-92e2-c7c3c7e2d4eb" executionId="c278bf82-c79f-49e6-9647-9ff34c22e95c" testListId="8c84fa94-04c1-424b-9868-57a2d4851a1d" />
    <TestEntry testId="5b95f6e0-6eba-402b-5f87-95cad14ce473" executionId="8b918166-49ec-426d-b8dd-fd96996cfe9d" testListId="8c84fa94-04c1-424b-9868-57a2d4851a1d" />
    <TestEntry testId="f072455d-d1c7-b3df-601d-0e137fd171ae" executionId="66a89fd3-a6ee-462c-95b5-fc3969c4825a" testListId="8c84fa94-04c1-424b-9868-57a2d4851a1d" />
    <TestEntry testId="c7114356-7df2-9da0-c4ef-82cfd3ee0779" executionId="d53a1386-ce54-4e0b-800c-67bc6b55353e" testListId="8c84fa94-04c1-424b-9868-57a2d4851a1d" />
    <TestEntry testId="7d52a1f8-3a44-d1c8-4163-e0633e897ad2" executionId="b322a88e-61c9-44b9-ba2a-52baddf2c52d" testListId="8c84fa94-04c1-424b-9868-57a2d4851a1d" />
    <TestEntry testId="866774c8-1d71-53ee-66e6-d59f9be5aeb2" executionId="22b896f0-87d4-4677-8cfb-f49b78133e0d" testListId="8c84fa94-04c1-424b-9868-57a2d4851a1d" />
    <TestEntry testId="4c5989ee-2eef-abd7-3d39-af27603ace72" executionId="7d92d3f4-7532-4daa-acd2-bcdc98daa05e" testListId="8c84fa94-04c1-424b-9868-57a2d4851a1d" />
    <TestEntry testId="162c552b-224d-3eae-9009-bfb446c1baf1" executionId="a030ef2e-ffd6-4459-98c9-2178deeea64a" testListId="8c84fa94-04c1-424b-9868-57a2d4851a1d" />
    <TestEntry testId="bf93dc6a-d071-3c56-1f3c-796e1d62f918" executionId="a0fa59d5-d54a-4f12-94b6-6ecba690acf9" testListId="8c84fa94-04c1-424b-9868-57a2d4851a1d" />
  </TestEntries>
  <TestLists>
    <TestList name="Resultados sin formato de lista" id="8c84fa94-04c1-424b-9868-57a2d4851a1d" />
    <TestList name="Todos los resultados cargados" id="19431567-8539-422a-85d7-44ee4e166bda" />
  </TestLists>
  <ResultSummary outcome="Failed">
    <Counters total="17" executed="17" passed="13" failed="4" error="0" timeout="0" aborted="0" inconclusive="0" passedButRunAborted="0" notRunnable="0" notExecuted="0" disconnected="0" warning="0" completed="0" inProgress="0" pending="0" />
    <Output>
      <StdOut>Probar paralelización habilitada para C:\Users\natha\Desktop\PROYECTO II\SIGEBI2\Tests\bin\Debug\net8.0\Tests.dll (Trabajos: 16, Ámbito: MethodLevel)&#xD;
</StdOut>
    </Output>
  </ResultSummary>
</TestRun>