<?xml version="1.0" encoding="utf-8"?>
<TestRun id="86cbb910-a08b-4391-a97e-79d71e740737" name="natha@MYCOMPUTER 2025-10-09 07:54:35" runUser="MYCOMPUTER\natha" xmlns="http://microsoft.com/schemas/VisualStudio/TeamTest/2010">
  <Times creation="2025-10-09T07:54:35.8050908-04:00" queuing="2025-10-09T07:54:35.8050908-04:00" start="2025-10-09T07:54:32.6504020-04:00" finish="2025-10-09T07:54:38.0974613-04:00" />
  <TestSettings name="default" id="29af955b-72e7-4f25-b840-577b2042f5c6">
    <Deployment runDeploymentRoot="natha_MYCOMPUTER_2025-10-09_07_54_35" />
  </TestSettings>
  <Results>
    <UnitTestResult executionId="ff73370e-73c1-4857-86be-6c338045c212" testId="4c5989ee-2eef-abd7-3d39-af27603ace72" testName="TestMethod1" computerName="MYCOMPUTER" duration="00:00:00.0090132" startTime="2025-10-09T07:54:34.1407975-04:00" endTime="2025-10-09T07:54:34.4240794-04:00" testType="13cdc9d9-ddb5-4fa4-a97d-d965ccfc6d4b" outcome="Passed" testListId="8c84fa94-04c1-424b-9868-57a2d4851a1d" relativeResultsDirectory="ff73370e-73c1-4857-86be-6c338045c212" />
    <UnitTestResult executionId="df3623c6-70ff-499b-a6eb-10a39ac23522" testId="162c552b-224d-3eae-9009-bfb446c1baf1" testName="EliminarUsuario_DeberiaEliminarCorrectamente" computerName="MYCOMPUTER" duration="00:00:03.2931704" startTime="2025-10-09T07:54:34.2111960-04:00" endTime="2025-10-09T07:54:37.7023302-04:00" testType="13cdc9d9-ddb5-4fa4-a97d-d965ccfc6d4b" outcome="Passed" testListId="8c84fa94-04c1-424b-9868-57a2d4851a1d" relativeResultsDirectory="df3623c6-70ff-499b-a6eb-10a39ac23522" />
    <UnitTestResult executionId="09d0cc15-063a-44a6-900a-35cacc3ad311" testId="bf93dc6a-d071-3c56-1f3c-796e1d62f918" testName="ObtenerUsuarios_DeberiaRetornarLista" computerName="MYCOMPUTER" duration="00:00:03.2207234" startTime="2025-10-09T07:54:34.2112340-04:00" endTime="2025-10-09T07:54:37.6301300-04:00" testType="13cdc9d9-ddb5-4fa4-a97d-d965ccfc6d4b" outcome="Passed" testListId="8c84fa94-04c1-424b-9868-57a2d4851a1d" relativeResultsDirectory="09d0cc15-063a-44a6-900a-35cacc3ad311" />
    <UnitTestResult executionId="98e3308a-53ea-4181-b85d-1bb4028551ed" testId="45bbe590-e7fa-a738-6832-4cfd0d74d08b" testName="BuscarLibro_DeberiaRetornarCoincidencias" computerName="MYCOMPUTER" duration="00:00:03.4001340" startTime="2025-10-09T07:54:34.1406941-04:00" endTime="2025-10-09T07:54:37.8106355-04:00" testType="13cdc9d9-ddb5-4fa4-a97d-d965ccfc6d4b" outcome="Failed" testListId="8c84fa94-04c1-424b-9868-57a2d4851a1d" relativeResultsDirectory="98e3308a-53ea-4181-b85d-1bb4028551ed">
      <Output>
        <ErrorInfo>
          <Message>Error de Assert.IsTrue. Error al insertar libro de prueba. Error al agregar entidad: An error occurred while saving the entity changes. See the inner exception for details.</Message>
          <StackTrace>   at Tests.LibroRepositoryTests.BuscarLibro_DeberiaRetornarCoincidencias() in C:\Users\natha\Desktop\PROYECTO II\SIGEBI2\Tests\LibroRepositoryTests.cs:line 118&#xD;
</StackTrace>
        </ErrorInfo>
      </Output>
    </UnitTestResult>
    <UnitTestResult executionId="3e84ee73-b97d-43ed-81ee-3955ff5db80c" testId="592fafa7-e46b-fc80-bd9b-2b8aea086276" testName="CrearLibro_DeberiaAgregarLibro" computerName="MYCOMPUTER" duration="00:00:03.4001458" startTime="2025-10-09T07:54:34.1408340-04:00" endTime="2025-10-09T07:54:37.8106047-04:00" testType="13cdc9d9-ddb5-4fa4-a97d-d965ccfc6d4b" outcome="Failed" testListId="8c84fa94-04c1-424b-9868-57a2d4851a1d" relativeResultsDirectory="3e84ee73-b97d-43ed-81ee-3955ff5db80c">
      <Output>
        <ErrorInfo>
          <Message>Error de Assert.Fail. ❌ Error general: Error de Assert.IsTrue. ❌ La operación de agregado falló. Error al agregar entidad: An error occurred while saving the entity changes. See the inner exception for details.</Message>
          <StackTrace>   at Tests.LibroRepositoryTests.CrearLibro_DeberiaAgregarLibro() in C:\Users\natha\Desktop\PROYECTO II\SIGEBI2\Tests\LibroRepositoryTests.cs:line 70&#xD;
</StackTrace>
        </ErrorInfo>
      </Output>
    </UnitTestResult>
    <UnitTestResult executionId="c02feded-35bb-41f0-83e8-66fa208f1a17" testId="198e8709-fae6-e5af-47ec-940a71201de4" testName="ActualizarLibro_DeberiaModificarCampos" computerName="MYCOMPUTER" duration="00:00:03.4000143" startTime="2025-10-09T07:54:34.1405396-04:00" endTime="2025-10-09T07:54:37.8127705-04:00" testType="13cdc9d9-ddb5-4fa4-a97d-d965ccfc6d4b" outcome="Failed" testListId="8c84fa94-04c1-424b-9868-57a2d4851a1d" relativeResultsDirectory="c02feded-35bb-41f0-83e8-66fa208f1a17">
      <Output>
        <ErrorInfo>
          <Message>Error de Assert.IsTrue. Error al crear libro inicial. Error al agregar entidad: An error occurred while saving the entity changes. See the inner exception for details.</Message>
          <StackTrace>   at Tests.LibroRepositoryTests.ActualizarLibro_DeberiaModificarCampos() in C:\Users\natha\Desktop\PROYECTO II\SIGEBI2\Tests\LibroRepositoryTests.cs:line 93&#xD;
</StackTrace>
        </ErrorInfo>
      </Output>
    </UnitTestResult>
    <UnitTestResult executionId="11d8be19-3f92-4337-9e60-f97ae2c87b46" testId="7d52a1f8-3a44-d1c8-4163-e0633e897ad2" testName="EstaDisponible_DeberiaRetornarTruePorDefecto" computerName="MYCOMPUTER" duration="00:00:03.3999628" startTime="2025-10-09T07:54:34.1409163-04:00" endTime="2025-10-09T07:54:37.8106909-04:00" testType="13cdc9d9-ddb5-4fa4-a97d-d965ccfc6d4b" outcome="Failed" testListId="8c84fa94-04c1-424b-9868-57a2d4851a1d" relativeResultsDirectory="11d8be19-3f92-4337-9e60-f97ae2c87b46">
      <Output>
        <ErrorInfo>
          <Message>Error de Assert.IsTrue. Error al crear libro para verificar disponibilidad. Error al agregar entidad: An error occurred while saving the entity changes. See the inner exception for details.</Message>
          <StackTrace>   at Tests.LibroRepositoryTests.EstaDisponible_DeberiaRetornarTruePorDefecto() in C:\Users\natha\Desktop\PROYECTO II\SIGEBI2\Tests\LibroRepositoryTests.cs:line 141&#xD;
</StackTrace>
        </ErrorInfo>
      </Output>
    </UnitTestResult>
    <UnitTestResult executionId="f697de9e-1a16-4e46-aef6-6ee1442ae16c" testId="80809000-ad3e-9518-968f-7d6850b255ba" testName="ActivarUsuario_DeberiaCambiarEstado" computerName="MYCOMPUTER" duration="00:00:03.2774172" startTime="2025-10-09T07:54:34.1408573-04:00" endTime="2025-10-09T07:54:37.6865846-04:00" testType="13cdc9d9-ddb5-4fa4-a97d-d965ccfc6d4b" outcome="Passed" testListId="8c84fa94-04c1-424b-9868-57a2d4851a1d" relativeResultsDirectory="f697de9e-1a16-4e46-aef6-6ee1442ae16c" />
    <UnitTestResult executionId="ad45b17b-9a3e-4aa9-80d0-806d42adaa6c" testId="c7114356-7df2-9da0-c4ef-82cfd3ee0779" testName="CrearUsuario_DeberiaGuardarCorrectamente" computerName="MYCOMPUTER" duration="00:00:03.2925183" startTime="2025-10-09T07:54:34.2110843-04:00" endTime="2025-10-09T07:54:37.7018604-04:00" testType="13cdc9d9-ddb5-4fa4-a97d-d965ccfc6d4b" outcome="Passed" testListId="8c84fa94-04c1-424b-9868-57a2d4851a1d" relativeResultsDirectory="ad45b17b-9a3e-4aa9-80d0-806d42adaa6c" />
    <UnitTestResult executionId="486ee617-9711-44a5-bbac-8d8097292807" testId="9ce84978-507e-9212-92e2-c7c3c7e2d4eb" testName="DesactivarUsuario_DeberiaCambiarEstado" computerName="MYCOMPUTER" duration="00:00:03.2774542" startTime="2025-10-09T07:54:34.2111371-04:00" endTime="2025-10-09T07:54:37.6865261-04:00" testType="13cdc9d9-ddb5-4fa4-a97d-d965ccfc6d4b" outcome="Passed" testListId="8c84fa94-04c1-424b-9868-57a2d4851a1d" relativeResultsDirectory="486ee617-9711-44a5-bbac-8d8097292807" />
    <UnitTestResult executionId="1e0ef62c-dd32-4cd1-81e1-a6be1871092b" testId="c63944cf-742c-8f06-2dba-ad74ec80fcb2" testName="CambiarDisponibilidad_DeberiaActualizarEstado" computerName="MYCOMPUTER" duration="00:00:03.3999758" startTime="2025-10-09T07:54:34.1407739-04:00" endTime="2025-10-09T07:54:37.8105969-04:00" testType="13cdc9d9-ddb5-4fa4-a97d-d965ccfc6d4b" outcome="Failed" testListId="8c84fa94-04c1-424b-9868-57a2d4851a1d" relativeResultsDirectory="1e0ef62c-dd32-4cd1-81e1-a6be1871092b">
      <Output>
        <ErrorInfo>
          <Message>Error de Assert.IsTrue. Error al crear libro de prueba. Error al agregar entidad: An error occurred while saving the entity changes. See the inner exception for details.</Message>
          <StackTrace>   at Tests.LibroRepositoryTests.CambiarDisponibilidad_DeberiaActualizarEstado() in C:\Users\natha\Desktop\PROYECTO II\SIGEBI2\Tests\LibroRepositoryTests.cs:line 164&#xD;
</StackTrace>
        </ErrorInfo>
      </Output>
    </UnitTestResult>
    <UnitTestResult executionId="ebe0f504-56cc-4ff0-8104-fd40d450df69" testId="5b95f6e0-6eba-402b-5f87-95cad14ce473" testName="EliminarLibro_DeberiaDesactivarEntidad" computerName="MYCOMPUTER" duration="00:00:03.3998809" startTime="2025-10-09T07:54:34.1408843-04:00" endTime="2025-10-09T07:54:37.8107070-04:00" testType="13cdc9d9-ddb5-4fa4-a97d-d965ccfc6d4b" outcome="Failed" testListId="8c84fa94-04c1-424b-9868-57a2d4851a1d" relativeResultsDirectory="ebe0f504-56cc-4ff0-8104-fd40d450df69">
      <Output>
        <ErrorInfo>
          <Message>Error de Assert.IsTrue. Error al crear libro para eliminar. Error al agregar entidad: An error occurred while saving the entity changes. See the inner exception for details.</Message>
          <StackTrace>   at Tests.LibroRepositoryTests.EliminarLibro_DeberiaDesactivarEntidad() in C:\Users\natha\Desktop\PROYECTO II\SIGEBI2\Tests\LibroRepositoryTests.cs:line 190&#xD;
</StackTrace>
        </ErrorInfo>
      </Output>
    </UnitTestResult>
    <UnitTestResult executionId="95cad8ed-a4d1-4fb8-8684-f5728e6aa361" testId="f072455d-d1c7-b3df-601d-0e137fd171ae" testName="ActualizarUsuario_DeberiaModificarDatos" computerName="MYCOMPUTER" duration="00:00:03.2426369" startTime="2025-10-09T07:54:34.1456972-04:00" endTime="2025-10-09T07:54:37.6519996-04:00" testType="13cdc9d9-ddb5-4fa4-a97d-d965ccfc6d4b" outcome="Passed" testListId="8c84fa94-04c1-424b-9868-57a2d4851a1d" relativeResultsDirectory="95cad8ed-a4d1-4fb8-8684-f5728e6aa361" />
  </Results>
  <TestDefinitions>
    <UnitTest name="CambiarDisponibilidad_DeberiaActualizarEstado" storage="c:\users\natha\desktop\proyecto ii\sigebi2\tests\bin\debug\net8.0\tests.dll" id="c63944cf-742c-8f06-2dba-ad74ec80fcb2">
      <Execution id="1e0ef62c-dd32-4cd1-81e1-a6be1871092b" />
      <TestMethod codeBase="C:\Users\natha\Desktop\PROYECTO II\SIGEBI2\Tests\bin\Debug\net8.0\Tests.dll" adapterTypeName="executor://mstestadapter/v2" className="Tests.LibroRepositoryTests" name="CambiarDisponibilidad_DeberiaActualizarEstado" />
    </UnitTest>
    <UnitTest name="CrearLibro_DeberiaAgregarLibro" storage="c:\users\natha\desktop\proyecto ii\sigebi2\tests\bin\debug\net8.0\tests.dll" id="592fafa7-e46b-fc80-bd9b-2b8aea086276">
      <Execution id="3e84ee73-b97d-43ed-81ee-3955ff5db80c" />
      <TestMethod codeBase="C:\Users\natha\Desktop\PROYECTO II\SIGEBI2\Tests\bin\Debug\net8.0\Tests.dll" adapterTypeName="executor://mstestadapter/v2" className="Tests.LibroRepositoryTests" name="CrearLibro_DeberiaAgregarLibro" />
    </UnitTest>
    <UnitTest name="TestMethod1" storage="c:\users\natha\desktop\proyecto ii\sigebi2\tests\bin\debug\net8.0\tests.dll" id="4c5989ee-2eef-abd7-3d39-af27603ace72">
      <Execution id="ff73370e-73c1-4857-86be-6c338045c212" />
      <TestMethod codeBase="C:\Users\natha\Desktop\PROYECTO II\SIGEBI2\Tests\bin\Debug\net8.0\Tests.dll" adapterTypeName="executor://mstestadapter/v2" className="Tests.Test1" name="TestMethod1" />
    </UnitTest>
    <UnitTest name="EliminarUsuario_DeberiaEliminarCorrectamente" storage="c:\users\natha\desktop\proyecto ii\sigebi2\tests\bin\debug\net8.0\tests.dll" id="162c552b-224d-3eae-9009-bfb446c1baf1">
      <Execution id="df3623c6-70ff-499b-a6eb-10a39ac23522" />
      <TestMethod codeBase="C:\Users\natha\Desktop\PROYECTO II\SIGEBI2\Tests\bin\Debug\net8.0\Tests.dll" adapterTypeName="executor://mstestadapter/v2" className="Tests.UsuarioRepositoryTests" name="EliminarUsuario_DeberiaEliminarCorrectamente" />
    </UnitTest>
    <UnitTest name="BuscarLibro_DeberiaRetornarCoincidencias" storage="c:\users\natha\desktop\proyecto ii\sigebi2\tests\bin\debug\net8.0\tests.dll" id="45bbe590-e7fa-a738-6832-4cfd0d74d08b">
      <Execution id="98e3308a-53ea-4181-b85d-1bb4028551ed" />
      <TestMethod codeBase="C:\Users\natha\Desktop\PROYECTO II\SIGEBI2\Tests\bin\Debug\net8.0\Tests.dll" adapterTypeName="executor://mstestadapter/v2" className="Tests.LibroRepositoryTests" name="BuscarLibro_DeberiaRetornarCoincidencias" />
    </UnitTest>
    <UnitTest name="DesactivarUsuario_DeberiaCambiarEstado" storage="c:\users\natha\desktop\proyecto ii\sigebi2\tests\bin\debug\net8.0\tests.dll" id="9ce84978-507e-9212-92e2-c7c3c7e2d4eb">
      <Execution id="486ee617-9711-44a5-bbac-8d8097292807" />
      <TestMethod codeBase="C:\Users\natha\Desktop\PROYECTO II\SIGEBI2\Tests\bin\Debug\net8.0\Tests.dll" adapterTypeName="executor://mstestadapter/v2" className="Tests.UsuarioRepositoryTests" name="DesactivarUsuario_DeberiaCambiarEstado" />
    </UnitTest>
    <UnitTest name="ActualizarUsuario_DeberiaModificarDatos" storage="c:\users\natha\desktop\proyecto ii\sigebi2\tests\bin\debug\net8.0\tests.dll" id="f072455d-d1c7-b3df-601d-0e137fd171ae">
      <Execution id="95cad8ed-a4d1-4fb8-8684-f5728e6aa361" />
      <TestMethod codeBase="C:\Users\natha\Desktop\PROYECTO II\SIGEBI2\Tests\bin\Debug\net8.0\Tests.dll" adapterTypeName="executor://mstestadapter/v2" className="Tests.UsuarioRepositoryTests" name="ActualizarUsuario_DeberiaModificarDatos" />
    </UnitTest>
    <UnitTest name="ActivarUsuario_DeberiaCambiarEstado" storage="c:\users\natha\desktop\proyecto ii\sigebi2\tests\bin\debug\net8.0\tests.dll" id="80809000-ad3e-9518-968f-7d6850b255ba">
      <Execution id="f697de9e-1a16-4e46-aef6-6ee1442ae16c" />
      <TestMethod codeBase="C:\Users\natha\Desktop\PROYECTO II\SIGEBI2\Tests\bin\Debug\net8.0\Tests.dll" adapterTypeName="executor://mstestadapter/v2" className="Tests.UsuarioRepositoryTests" name="ActivarUsuario_DeberiaCambiarEstado" />
    </UnitTest>
    <UnitTest name="EstaDisponible_DeberiaRetornarTruePorDefecto" storage="c:\users\natha\desktop\proyecto ii\sigebi2\tests\bin\debug\net8.0\tests.dll" id="7d52a1f8-3a44-d1c8-4163-e0633e897ad2">
      <Execution id="11d8be19-3f92-4337-9e60-f97ae2c87b46" />
      <TestMethod codeBase="C:\Users\natha\Desktop\PROYECTO II\SIGEBI2\Tests\bin\Debug\net8.0\Tests.dll" adapterTypeName="executor://mstestadapter/v2" className="Tests.LibroRepositoryTests" name="EstaDisponible_DeberiaRetornarTruePorDefecto" />
    </UnitTest>
    <UnitTest name="ObtenerUsuarios_DeberiaRetornarLista" storage="c:\users\natha\desktop\proyecto ii\sigebi2\tests\bin\debug\net8.0\tests.dll" id="bf93dc6a-d071-3c56-1f3c-796e1d62f918">
      <Execution id="09d0cc15-063a-44a6-900a-35cacc3ad311" />
      <TestMethod codeBase="C:\Users\natha\Desktop\PROYECTO II\SIGEBI2\Tests\bin\Debug\net8.0\Tests.dll" adapterTypeName="executor://mstestadapter/v2" className="Tests.UsuarioRepositoryTests" name="ObtenerUsuarios_DeberiaRetornarLista" />
    </UnitTest>
    <UnitTest name="ActualizarLibro_DeberiaModificarCampos" storage="c:\users\natha\desktop\proyecto ii\sigebi2\tests\bin\debug\net8.0\tests.dll" id="198e8709-fae6-e5af-47ec-940a71201de4">
      <Execution id="c02feded-35bb-41f0-83e8-66fa208f1a17" />
      <TestMethod codeBase="C:\Users\natha\Desktop\PROYECTO II\SIGEBI2\Tests\bin\Debug\net8.0\Tests.dll" adapterTypeName="executor://mstestadapter/v2" className="Tests.LibroRepositoryTests" name="ActualizarLibro_DeberiaModificarCampos" />
    </UnitTest>
    <UnitTest name="EliminarLibro_DeberiaDesactivarEntidad" storage="c:\users\natha\desktop\proyecto ii\sigebi2\tests\bin\debug\net8.0\tests.dll" id="5b95f6e0-6eba-402b-5f87-95cad14ce473">
      <Execution id="ebe0f504-56cc-4ff0-8104-fd40d450df69" />
      <TestMethod codeBase="C:\Users\natha\Desktop\PROYECTO II\SIGEBI2\Tests\bin\Debug\net8.0\Tests.dll" adapterTypeName="executor://mstestadapter/v2" className="Tests.LibroRepositoryTests" name="EliminarLibro_DeberiaDesactivarEntidad" />
    </UnitTest>
    <UnitTest name="CrearUsuario_DeberiaGuardarCorrectamente" storage="c:\users\natha\desktop\proyecto ii\sigebi2\tests\bin\debug\net8.0\tests.dll" id="c7114356-7df2-9da0-c4ef-82cfd3ee0779">
      <Execution id="ad45b17b-9a3e-4aa9-80d0-806d42adaa6c" />
      <TestMethod codeBase="C:\Users\natha\Desktop\PROYECTO II\SIGEBI2\Tests\bin\Debug\net8.0\Tests.dll" adapterTypeName="executor://mstestadapter/v2" className="Tests.UsuarioRepositoryTests" name="CrearUsuario_DeberiaGuardarCorrectamente" />
    </UnitTest>
  </TestDefinitions>
  <TestEntries>
    <TestEntry testId="4c5989ee-2eef-abd7-3d39-af27603ace72" executionId="ff73370e-73c1-4857-86be-6c338045c212" testListId="8c84fa94-04c1-424b-9868-57a2d4851a1d" />
    <TestEntry testId="162c552b-224d-3eae-9009-bfb446c1baf1" executionId="df3623c6-70ff-499b-a6eb-10a39ac23522" testListId="8c84fa94-04c1-424b-9868-57a2d4851a1d" />
    <TestEntry testId="bf93dc6a-d071-3c56-1f3c-796e1d62f918" executionId="09d0cc15-063a-44a6-900a-35cacc3ad311" testListId="8c84fa94-04c1-424b-9868-57a2d4851a1d" />
    <TestEntry testId="45bbe590-e7fa-a738-6832-4cfd0d74d08b" executionId="98e3308a-53ea-4181-b85d-1bb4028551ed" testListId="8c84fa94-04c1-424b-9868-57a2d4851a1d" />
    <TestEntry testId="592fafa7-e46b-fc80-bd9b-2b8aea086276" executionId="3e84ee73-b97d-43ed-81ee-3955ff5db80c" testListId="8c84fa94-04c1-424b-9868-57a2d4851a1d" />
    <TestEntry testId="198e8709-fae6-e5af-47ec-940a71201de4" executionId="c02feded-35bb-41f0-83e8-66fa208f1a17" testListId="8c84fa94-04c1-424b-9868-57a2d4851a1d" />
    <TestEntry testId="7d52a1f8-3a44-d1c8-4163-e0633e897ad2" executionId="11d8be19-3f92-4337-9e60-f97ae2c87b46" testListId="8c84fa94-04c1-424b-9868-57a2d4851a1d" />
    <TestEntry testId="80809000-ad3e-9518-968f-7d6850b255ba" executionId="f697de9e-1a16-4e46-aef6-6ee1442ae16c" testListId="8c84fa94-04c1-424b-9868-57a2d4851a1d" />
    <TestEntry testId="c7114356-7df2-9da0-c4ef-82cfd3ee0779" executionId="ad45b17b-9a3e-4aa9-80d0-806d42adaa6c" testListId="8c84fa94-04c1-424b-9868-57a2d4851a1d" />
    <TestEntry testId="9ce84978-507e-9212-92e2-c7c3c7e2d4eb" executionId="486ee617-9711-44a5-bbac-8d8097292807" testListId="8c84fa94-04c1-424b-9868-57a2d4851a1d" />
    <TestEntry testId="c63944cf-742c-8f06-2dba-ad74ec80fcb2" executionId="1e0ef62c-dd32-4cd1-81e1-a6be1871092b" testListId="8c84fa94-04c1-424b-9868-57a2d4851a1d" />
    <TestEntry testId="5b95f6e0-6eba-402b-5f87-95cad14ce473" executionId="ebe0f504-56cc-4ff0-8104-fd40d450df69" testListId="8c84fa94-04c1-424b-9868-57a2d4851a1d" />
    <TestEntry testId="f072455d-d1c7-b3df-601d-0e137fd171ae" executionId="95cad8ed-a4d1-4fb8-8684-f5728e6aa361" testListId="8c84fa94-04c1-424b-9868-57a2d4851a1d" />
  </TestEntries>
  <TestLists>
    <TestList name="Resultados sin formato de lista" id="8c84fa94-04c1-424b-9868-57a2d4851a1d" />
    <TestList name="Todos los resultados cargados" id="19431567-8539-422a-85d7-44ee4e166bda" />
  </TestLists>
  <ResultSummary outcome="Failed">
    <Counters total="13" executed="13" passed="7" failed="6" error="0" timeout="0" aborted="0" inconclusive="0" passedButRunAborted="0" notRunnable="0" notExecuted="0" disconnected="0" warning="0" completed="0" inProgress="0" pending="0" />
    <Output>
      <StdOut>Probar paralelización habilitada para C:\Users\natha\Desktop\PROYECTO II\SIGEBI2\Tests\bin\Debug\net8.0\Tests.dll (Trabajos: 16, Ámbito: MethodLevel)&#xD;
</StdOut>
    </Output>
  </ResultSummary>
</TestRun>