<?xml version="1.0" encoding="utf-8"?>
<TestRun id="ce8689d1-5327-42f7-83bf-3c2470e3a014" name="natha@MYCOMPUTER 2025-10-09 21:19:22" runUser="MYCOMPUTER\natha" xmlns="http://microsoft.com/schemas/VisualStudio/TeamTest/2010">
  <Times creation="2025-10-09T21:19:22.4217532-04:00" queuing="2025-10-09T21:19:22.4217532-04:00" start="2025-10-09T21:19:20.1030443-04:00" finish="2025-10-09T21:19:23.0411237-04:00" />
  <TestSettings name="default" id="95aa195d-ef9f-410a-83a9-d153c1755dc5">
    <Deployment runDeploymentRoot="natha_MYCOMPUTER_2025-10-09_21_19_22" />
  </TestSettings>
  <Results>
    <UnitTestResult executionId="e4162955-7d3d-4a60-8d59-cde6f4b6a04d" testId="95f0d1c0-bd2e-e7ca-f2b0-3d365b7c63cb" testName="RegistrarPrestamo_DeberiaCrearPrestamoYDetalles" computerName="MYCOMPUTER" duration="00:00:01.9629015" startTime="2025-10-09T21:19:20.8464912-04:00" endTime="2025-10-09T21:19:22.8194510-04:00" testType="13cdc9d9-ddb5-4fa4-a97d-d965ccfc6d4b" outcome="Passed" testListId="8c84fa94-04c1-424b-9868-57a2d4851a1d" relativeResultsDirectory="e4162955-7d3d-4a60-8d59-cde6f4b6a04d" />
    <UnitTestResult executionId="082355cc-0442-4838-8fdf-5f6c67b11590" testId="af8ea901-a396-ca62-d6d4-aff20ab90444" testName="ActualizarDuracionPrestamoDias_DeberiaActualizarCorrectamente" computerName="MYCOMPUTER" duration="00:00:01.9625737" startTime="2025-10-09T21:19:20.8034757-04:00" endTime="2025-10-09T21:19:22.8190626-04:00" testType="13cdc9d9-ddb5-4fa4-a97d-d965ccfc6d4b" outcome="Passed" testListId="8c84fa94-04c1-424b-9868-57a2d4851a1d" relativeResultsDirectory="082355cc-0442-4838-8fdf-5f6c67b11590" />
    <UnitTestResult executionId="98bb896f-b4b2-4354-9838-2af3ffb44d80" testId="57f6df02-2fee-a83a-6986-4d335ac893d7" testName="ObtenerConfiguracion_DeberiaRetornarConfiguracionActual" computerName="MYCOMPUTER" duration="00:00:01.9307464" startTime="2025-10-09T21:19:20.8036923-04:00" endTime="2025-10-09T21:19:22.7873274-04:00" testType="13cdc9d9-ddb5-4fa4-a97d-d965ccfc6d4b" outcome="Passed" testListId="8c84fa94-04c1-424b-9868-57a2d4851a1d" relativeResultsDirectory="98bb896f-b4b2-4354-9838-2af3ffb44d80" />
    <UnitTestResult executionId="d3bba6f5-93cc-41a7-9f5e-62adb451cd63" testId="df41c359-3501-e07b-b695-540b8f097f23" testName="ActualizarDuracionPrestamoDias_DeberiaFallarConValorInvalido" computerName="MYCOMPUTER" duration="00:00:01.7645153" startTime="2025-10-09T21:19:20.8036191-04:00" endTime="2025-10-09T21:19:22.6210363-04:00" testType="13cdc9d9-ddb5-4fa4-a97d-d965ccfc6d4b" outcome="Passed" testListId="8c84fa94-04c1-424b-9868-57a2d4851a1d" relativeResultsDirectory="d3bba6f5-93cc-41a7-9f5e-62adb451cd63" />
    <UnitTestResult executionId="f8e552e0-8960-4cc7-b318-ba543b25a66e" testId="162c552b-224d-3eae-9009-bfb446c1baf1" testName="EliminarUsuario_DeberiaEliminarCorrectamente" computerName="MYCOMPUTER" duration="00:00:00.0314608" startTime="2025-10-09T21:19:22.8084898-04:00" endTime="2025-10-09T21:19:22.8403173-04:00" testType="13cdc9d9-ddb5-4fa4-a97d-d965ccfc6d4b" outcome="Passed" testListId="8c84fa94-04c1-424b-9868-57a2d4851a1d" relativeResultsDirectory="f8e552e0-8960-4cc7-b318-ba543b25a66e" />
    <UnitTestResult executionId="a8046102-9334-489c-a0e1-a70ff76bcb33" testId="3a16017c-c8ea-3bf1-d29e-cbfb5aaae83a" testName="ObtenerPrestamosActivosPorUsuario_DeberiaRetornarLista" computerName="MYCOMPUTER" duration="00:00:02.0279325" startTime="2025-10-09T21:19:20.8463794-04:00" endTime="2025-10-09T21:19:22.8843617-04:00" testType="13cdc9d9-ddb5-4fa4-a97d-d965ccfc6d4b" outcome="Passed" testListId="8c84fa94-04c1-424b-9868-57a2d4851a1d" relativeResultsDirectory="a8046102-9334-489c-a0e1-a70ff76bcb33" />
    <UnitTestResult executionId="bc382ae3-8850-4115-b895-3b0ab9e2330a" testId="45bbe590-e7fa-a738-6832-4cfd0d74d08b" testName="BuscarLibro_DeberiaRetornarCoincidencias" computerName="MYCOMPUTER" duration="00:00:01.9518160" startTime="2025-10-09T21:19:20.8036453-04:00" endTime="2025-10-09T21:19:22.8083262-04:00" testType="13cdc9d9-ddb5-4fa4-a97d-d965ccfc6d4b" outcome="Passed" testListId="8c84fa94-04c1-424b-9868-57a2d4851a1d" relativeResultsDirectory="bc382ae3-8850-4115-b895-3b0ab9e2330a" />
    <UnitTestResult executionId="8a558790-358e-4c87-8f51-8ecfcdb9fba1" testId="bf93dc6a-d071-3c56-1f3c-796e1d62f918" testName="ObtenerUsuarios_DeberiaRetornarLista" computerName="MYCOMPUTER" duration="00:00:00.0200316" startTime="2025-10-09T21:19:22.8116728-04:00" endTime="2025-10-09T21:19:22.8319747-04:00" testType="13cdc9d9-ddb5-4fa4-a97d-d965ccfc6d4b" outcome="Passed" testListId="8c84fa94-04c1-424b-9868-57a2d4851a1d" relativeResultsDirectory="8a558790-358e-4c87-8f51-8ecfcdb9fba1" />
    <UnitTestResult executionId="3267e7ce-604c-496a-8a84-ff1f8f2de316" testId="198e8709-fae6-e5af-47ec-940a71201de4" testName="ActualizarLibro_DeberiaModificarCampos" computerName="MYCOMPUTER" duration="00:00:01.9047814" startTime="2025-10-09T21:19:20.8035241-04:00" endTime="2025-10-09T21:19:22.7612505-04:00" testType="13cdc9d9-ddb5-4fa4-a97d-d965ccfc6d4b" outcome="Passed" testListId="8c84fa94-04c1-424b-9868-57a2d4851a1d" relativeResultsDirectory="3267e7ce-604c-496a-8a84-ff1f8f2de316" />
    <UnitTestResult executionId="ab4132db-0937-4d94-a8d1-fd29b86c6dfe" testId="5b95f6e0-6eba-402b-5f87-95cad14ce473" testName="EliminarLibro_DeberiaDesactivarEntidad" computerName="MYCOMPUTER" duration="00:00:01.9527946" startTime="2025-10-09T21:19:20.8034682-04:00" endTime="2025-10-09T21:19:22.8092513-04:00" testType="13cdc9d9-ddb5-4fa4-a97d-d965ccfc6d4b" outcome="Passed" testListId="8c84fa94-04c1-424b-9868-57a2d4851a1d" relativeResultsDirectory="ab4132db-0937-4d94-a8d1-fd29b86c6dfe" />
    <UnitTestResult executionId="8d745844-81fd-4ca7-81aa-65dea18941c9" testId="c63944cf-742c-8f06-2dba-ad74ec80fcb2" testName="CambiarDisponibilidad_DeberiaActualizarEstado" computerName="MYCOMPUTER" duration="00:00:01.9620512" startTime="2025-10-09T21:19:20.8034237-04:00" endTime="2025-10-09T21:19:22.8185567-04:00" testType="13cdc9d9-ddb5-4fa4-a97d-d965ccfc6d4b" outcome="Passed" testListId="8c84fa94-04c1-424b-9868-57a2d4851a1d" relativeResultsDirectory="8d745844-81fd-4ca7-81aa-65dea18941c9" />
    <UnitTestResult executionId="f7c212b0-6744-400d-9ce1-29fb6db32dac" testId="c7114356-7df2-9da0-c4ef-82cfd3ee0779" testName="CrearUsuario_DeberiaGuardarCorrectamente" computerName="MYCOMPUTER" duration="00:00:00.0578982" startTime="2025-10-09T21:19:22.7613645-04:00" endTime="2025-10-09T21:19:22.8194773-04:00" testType="13cdc9d9-ddb5-4fa4-a97d-d965ccfc6d4b" outcome="Passed" testListId="8c84fa94-04c1-424b-9868-57a2d4851a1d" relativeResultsDirectory="f7c212b0-6744-400d-9ce1-29fb6db32dac" />
    <UnitTestResult executionId="5ca4388e-ef76-4808-a1b8-1d6d11813977" testId="a5452635-fa8d-0740-c656-54a7e1a7ae8a" testName="RegistrarDevolucion_DeberiaActualizarDetalleComoDevuelto" computerName="MYCOMPUTER" duration="00:00:01.9581160" startTime="2025-10-09T21:19:20.8037190-04:00" endTime="2025-10-09T21:19:22.8147836-04:00" testType="13cdc9d9-ddb5-4fa4-a97d-d965ccfc6d4b" outcome="Passed" testListId="8c84fa94-04c1-424b-9868-57a2d4851a1d" relativeResultsDirectory="5ca4388e-ef76-4808-a1b8-1d6d11813977" />
    <UnitTestResult executionId="23824010-d1a3-4513-b6c7-af2bc29bb58a" testId="4c5989ee-2eef-abd7-3d39-af27603ace72" testName="TestMethod1" computerName="MYCOMPUTER" duration="00:00:00.0016645" startTime="2025-10-09T21:19:21.3874081-04:00" endTime="2025-10-09T21:19:21.3931635-04:00" testType="13cdc9d9-ddb5-4fa4-a97d-d965ccfc6d4b" outcome="Passed" testListId="8c84fa94-04c1-424b-9868-57a2d4851a1d" relativeResultsDirectory="23824010-d1a3-4513-b6c7-af2bc29bb58a" />
    <UnitTestResult executionId="eb229675-0a53-47ae-8bd6-6cc6cdd43d3a" testId="7d52a1f8-3a44-d1c8-4163-e0633e897ad2" testName="EstaDisponible_DeberiaRetornarTruePorDefecto" computerName="MYCOMPUTER" duration="00:00:01.9620223" startTime="2025-10-09T21:19:20.8463339-04:00" endTime="2025-10-09T21:19:22.8185759-04:00" testType="13cdc9d9-ddb5-4fa4-a97d-d965ccfc6d4b" outcome="Passed" testListId="8c84fa94-04c1-424b-9868-57a2d4851a1d" relativeResultsDirectory="eb229675-0a53-47ae-8bd6-6cc6cdd43d3a" />
    <UnitTestResult executionId="53ab6bd2-f303-412b-bcf8-2732fdcfdcdd" testId="592fafa7-e46b-fc80-bd9b-2b8aea086276" testName="CrearLibro_DeberiaAgregarLibro" computerName="MYCOMPUTER" duration="00:00:01.9535518" startTime="2025-10-09T21:19:20.8463064-04:00" endTime="2025-10-09T21:19:22.8100426-04:00" testType="13cdc9d9-ddb5-4fa4-a97d-d965ccfc6d4b" outcome="Passed" testListId="8c84fa94-04c1-424b-9868-57a2d4851a1d" relativeResultsDirectory="53ab6bd2-f303-412b-bcf8-2732fdcfdcdd" />
    <UnitTestResult executionId="a5b68f60-96c3-4d56-be3e-a1305b6ac87b" testId="0f87dc05-79c9-73c1-3fa6-130ec8e0701e" testName="ObtenerPrestamosVencidos_DeberiaRetornarPrestamosConFechaVencida" computerName="MYCOMPUTER" duration="00:00:02.0284335" startTime="2025-10-09T21:19:20.8464119-04:00" endTime="2025-10-09T21:19:22.8867033-04:00" testType="13cdc9d9-ddb5-4fa4-a97d-d965ccfc6d4b" outcome="Passed" testListId="8c84fa94-04c1-424b-9868-57a2d4851a1d" relativeResultsDirectory="a5b68f60-96c3-4d56-be3e-a1305b6ac87b" />
    <UnitTestResult executionId="8ce175a5-d96a-477a-a541-75ea6028a24f" testId="f072455d-d1c7-b3df-601d-0e137fd171ae" testName="ActualizarUsuario_DeberiaModificarDatos" computerName="MYCOMPUTER" duration="00:00:00.1719272" startTime="2025-10-09T21:19:22.6220256-04:00" endTime="2025-10-09T21:19:22.8191463-04:00" testType="13cdc9d9-ddb5-4fa4-a97d-d965ccfc6d4b" outcome="Passed" testListId="8c84fa94-04c1-424b-9868-57a2d4851a1d" relativeResultsDirectory="8ce175a5-d96a-477a-a541-75ea6028a24f" />
    <UnitTestResult executionId="1833b310-e519-4322-90bf-8cafa61016f4" testId="866774c8-1d71-53ee-66e6-d59f9be5aeb2" testName="RegistrarDevolucion_DeberiaActualizarLibroYMarcarPrestamoCerrado" computerName="MYCOMPUTER" duration="00:00:02.0181185" startTime="2025-10-09T21:19:20.8464540-04:00" endTime="2025-10-09T21:19:22.8747409-04:00" testType="13cdc9d9-ddb5-4fa4-a97d-d965ccfc6d4b" outcome="Passed" testListId="8c84fa94-04c1-424b-9868-57a2d4851a1d" relativeResultsDirectory="1833b310-e519-4322-90bf-8cafa61016f4" />
    <UnitTestResult executionId="21f01dae-803b-4955-a06f-d7469993617f" testId="80809000-ad3e-9518-968f-7d6850b255ba" testName="ActivarUsuario_DeberiaCambiarEstado" computerName="MYCOMPUTER" duration="00:00:01.4169380" startTime="2025-10-09T21:19:21.4007469-04:00" endTime="2025-10-09T21:19:22.8180883-04:00" testType="13cdc9d9-ddb5-4fa4-a97d-d965ccfc6d4b" outcome="Passed" testListId="8c84fa94-04c1-424b-9868-57a2d4851a1d" relativeResultsDirectory="21f01dae-803b-4955-a06f-d7469993617f" />
    <UnitTestResult executionId="577d7827-b9a5-4f20-ad4f-2515026fccc5" testId="60f942d1-df6b-b1a6-a648-3f2e32796cce" testName="ObtenerPorPrestamo_DeberiaRetornarDetallesCorrectos" computerName="MYCOMPUTER" duration="00:00:01.9633057" startTime="2025-10-09T21:19:20.8035680-04:00" endTime="2025-10-09T21:19:22.8198921-04:00" testType="13cdc9d9-ddb5-4fa4-a97d-d965ccfc6d4b" outcome="Passed" testListId="8c84fa94-04c1-424b-9868-57a2d4851a1d" relativeResultsDirectory="577d7827-b9a5-4f20-ad4f-2515026fccc5" />
    <UnitTestResult executionId="6a534944-0a2b-4840-8e67-5af6403e68d5" testId="9ce84978-507e-9212-92e2-c7c3c7e2d4eb" testName="DesactivarUsuario_DeberiaCambiarEstado" computerName="MYCOMPUTER" duration="00:00:00.0347259" startTime="2025-10-09T21:19:22.7874490-04:00" endTime="2025-10-09T21:19:22.8224538-04:00" testType="13cdc9d9-ddb5-4fa4-a97d-d965ccfc6d4b" outcome="Passed" testListId="8c84fa94-04c1-424b-9868-57a2d4851a1d" relativeResultsDirectory="6a534944-0a2b-4840-8e67-5af6403e68d5" />
  </Results>
  <TestDefinitions>
    <UnitTest name="ActualizarDuracionPrestamoDias_DeberiaActualizarCorrectamente" storage="c:\users\natha\desktop\proyecto ii\sigebi2\tests\bin\debug\net8.0\tests.dll" id="af8ea901-a396-ca62-d6d4-aff20ab90444">
      <Execution id="082355cc-0442-4838-8fdf-5f6c67b11590" />
      <TestMethod codeBase="C:\Users\natha\Desktop\PROYECTO II\SIGEBI2\Tests\bin\Debug\net8.0\Tests.dll" adapterTypeName="executor://mstestadapter/v2" className="Tests.ConfiguracionServiceTests" name="ActualizarDuracionPrestamoDias_DeberiaActualizarCorrectamente" />
    </UnitTest>
    <UnitTest name="ObtenerPrestamosActivosPorUsuario_DeberiaRetornarLista" storage="c:\users\natha\desktop\proyecto ii\sigebi2\tests\bin\debug\net8.0\tests.dll" id="3a16017c-c8ea-3bf1-d29e-cbfb5aaae83a">
      <Execution id="a8046102-9334-489c-a0e1-a70ff76bcb33" />
      <TestMethod codeBase="C:\Users\natha\Desktop\PROYECTO II\SIGEBI2\Tests\bin\Debug\net8.0\Tests.dll" adapterTypeName="executor://mstestadapter/v2" className="Tests.PrestamoServiceTests" name="ObtenerPrestamosActivosPorUsuario_DeberiaRetornarLista" />
    </UnitTest>
    <UnitTest name="CambiarDisponibilidad_DeberiaActualizarEstado" storage="c:\users\natha\desktop\proyecto ii\sigebi2\tests\bin\debug\net8.0\tests.dll" id="c63944cf-742c-8f06-2dba-ad74ec80fcb2">
      <Execution id="8d745844-81fd-4ca7-81aa-65dea18941c9" />
      <TestMethod codeBase="C:\Users\natha\Desktop\PROYECTO II\SIGEBI2\Tests\bin\Debug\net8.0\Tests.dll" adapterTypeName="executor://mstestadapter/v2" className="Tests.LibroRepositoryTests" name="CambiarDisponibilidad_DeberiaActualizarEstado" />
    </UnitTest>
    <UnitTest name="RegistrarDevolucion_DeberiaActualizarDetalleComoDevuelto" storage="c:\users\natha\desktop\proyecto ii\sigebi2\tests\bin\debug\net8.0\tests.dll" id="a5452635-fa8d-0740-c656-54a7e1a7ae8a">
      <Execution id="5ca4388e-ef76-4808-a1b8-1d6d11813977" />
      <TestMethod codeBase="C:\Users\natha\Desktop\PROYECTO II\SIGEBI2\Tests\bin\Debug\net8.0\Tests.dll" adapterTypeName="executor://mstestadapter/v2" className="Tests.DetallePrestamoRepositoryTests" name="RegistrarDevolucion_DeberiaActualizarDetalleComoDevuelto" />
    </UnitTest>
    <UnitTest name="ActualizarUsuario_DeberiaModificarDatos" storage="c:\users\natha\desktop\proyecto ii\sigebi2\tests\bin\debug\net8.0\tests.dll" id="f072455d-d1c7-b3df-601d-0e137fd171ae">
      <Execution id="8ce175a5-d96a-477a-a541-75ea6028a24f" />
      <TestMethod codeBase="C:\Users\natha\Desktop\PROYECTO II\SIGEBI2\Tests\bin\Debug\net8.0\Tests.dll" adapterTypeName="executor://mstestadapter/v2" className="Tests.UsuarioRepositoryTests" name="ActualizarUsuario_DeberiaModificarDatos" />
    </UnitTest>
    <UnitTest name="ActivarUsuario_DeberiaCambiarEstado" storage="c:\users\natha\desktop\proyecto ii\sigebi2\tests\bin\debug\net8.0\tests.dll" id="80809000-ad3e-9518-968f-7d6850b255ba">
      <Execution id="21f01dae-803b-4955-a06f-d7469993617f" />
      <TestMethod codeBase="C:\Users\natha\Desktop\PROYECTO II\SIGEBI2\Tests\bin\Debug\net8.0\Tests.dll" adapterTypeName="executor://mstestadapter/v2" className="Tests.UsuarioRepositoryTests" name="ActivarUsuario_DeberiaCambiarEstado" />
    </UnitTest>
    <UnitTest name="EliminarLibro_DeberiaDesactivarEntidad" storage="c:\users\natha\desktop\proyecto ii\sigebi2\tests\bin\debug\net8.0\tests.dll" id="5b95f6e0-6eba-402b-5f87-95cad14ce473">
      <Execution id="ab4132db-0937-4d94-a8d1-fd29b86c6dfe" />
      <TestMethod codeBase="C:\Users\natha\Desktop\PROYECTO II\SIGEBI2\Tests\bin\Debug\net8.0\Tests.dll" adapterTypeName="executor://mstestadapter/v2" className="Tests.LibroRepositoryTests" name="EliminarLibro_DeberiaDesactivarEntidad" />
    </UnitTest>
    <UnitTest name="RegistrarPrestamo_DeberiaCrearPrestamoYDetalles" storage="c:\users\natha\desktop\proyecto ii\sigebi2\tests\bin\debug\net8.0\tests.dll" id="95f0d1c0-bd2e-e7ca-f2b0-3d365b7c63cb">
      <Execution id="e4162955-7d3d-4a60-8d59-cde6f4b6a04d" />
      <TestMethod codeBase="C:\Users\natha\Desktop\PROYECTO II\SIGEBI2\Tests\bin\Debug\net8.0\Tests.dll" adapterTypeName="executor://mstestadapter/v2" className="Tests.PrestamoServiceTests" name="RegistrarPrestamo_DeberiaCrearPrestamoYDetalles" />
    </UnitTest>
    <UnitTest name="ActualizarDuracionPrestamoDias_DeberiaFallarConValorInvalido" storage="c:\users\natha\desktop\proyecto ii\sigebi2\tests\bin\debug\net8.0\tests.dll" id="df41c359-3501-e07b-b695-540b8f097f23">
      <Execution id="d3bba6f5-93cc-41a7-9f5e-62adb451cd63" />
      <TestMethod codeBase="C:\Users\natha\Desktop\PROYECTO II\SIGEBI2\Tests\bin\Debug\net8.0\Tests.dll" adapterTypeName="executor://mstestadapter/v2" className="Tests.ConfiguracionServiceTests" name="ActualizarDuracionPrestamoDias_DeberiaFallarConValorInvalido" />
    </UnitTest>
    <UnitTest name="ObtenerPrestamosVencidos_DeberiaRetornarPrestamosConFechaVencida" storage="c:\users\natha\desktop\proyecto ii\sigebi2\tests\bin\debug\net8.0\tests.dll" id="0f87dc05-79c9-73c1-3fa6-130ec8e0701e">
      <Execution id="a5b68f60-96c3-4d56-be3e-a1305b6ac87b" />
      <TestMethod codeBase="C:\Users\natha\Desktop\PROYECTO II\SIGEBI2\Tests\bin\Debug\net8.0\Tests.dll" adapterTypeName="executor://mstestadapter/v2" className="Tests.PrestamoServiceTests" name="ObtenerPrestamosVencidos_DeberiaRetornarPrestamosConFechaVencida" />
    </UnitTest>
    <UnitTest name="RegistrarDevolucion_DeberiaActualizarLibroYMarcarPrestamoCerrado" storage="c:\users\natha\desktop\proyecto ii\sigebi2\tests\bin\debug\net8.0\tests.dll" id="866774c8-1d71-53ee-66e6-d59f9be5aeb2">
      <Execution id="1833b310-e519-4322-90bf-8cafa61016f4" />
      <TestMethod codeBase="C:\Users\natha\Desktop\PROYECTO II\SIGEBI2\Tests\bin\Debug\net8.0\Tests.dll" adapterTypeName="executor://mstestadapter/v2" className="Tests.PrestamoServiceTests" name="RegistrarDevolucion_DeberiaActualizarLibroYMarcarPrestamoCerrado" />
    </UnitTest>
    <UnitTest name="DesactivarUsuario_DeberiaCambiarEstado" storage="c:\users\natha\desktop\proyecto ii\sigebi2\tests\bin\debug\net8.0\tests.dll" id="9ce84978-507e-9212-92e2-c7c3c7e2d4eb">
      <Execution id="6a534944-0a2b-4840-8e67-5af6403e68d5" />
      <TestMethod codeBase="C:\Users\natha\Desktop\PROYECTO II\SIGEBI2\Tests\bin\Debug\net8.0\Tests.dll" adapterTypeName="executor://mstestadapter/v2" className="Tests.UsuarioRepositoryTests" name="DesactivarUsuario_DeberiaCambiarEstado" />
    </UnitTest>
    <UnitTest name="TestMethod1" storage="c:\users\natha\desktop\proyecto ii\sigebi2\tests\bin\debug\net8.0\tests.dll" id="4c5989ee-2eef-abd7-3d39-af27603ace72">
      <Execution id="23824010-d1a3-4513-b6c7-af2bc29bb58a" />
      <TestMethod codeBase="C:\Users\natha\Desktop\PROYECTO II\SIGEBI2\Tests\bin\Debug\net8.0\Tests.dll" adapterTypeName="executor://mstestadapter/v2" className="Tests.Test1" name="TestMethod1" />
    </UnitTest>
    <UnitTest name="BuscarLibro_DeberiaRetornarCoincidencias" storage="c:\users\natha\desktop\proyecto ii\sigebi2\tests\bin\debug\net8.0\tests.dll" id="45bbe590-e7fa-a738-6832-4cfd0d74d08b">
      <Execution id="bc382ae3-8850-4115-b895-3b0ab9e2330a" />
      <TestMethod codeBase="C:\Users\natha\Desktop\PROYECTO II\SIGEBI2\Tests\bin\Debug\net8.0\Tests.dll" adapterTypeName="executor://mstestadapter/v2" className="Tests.LibroRepositoryTests" name="BuscarLibro_DeberiaRetornarCoincidencias" />
    </UnitTest>
    <UnitTest name="ObtenerConfiguracion_DeberiaRetornarConfiguracionActual" storage="c:\users\natha\desktop\proyecto ii\sigebi2\tests\bin\debug\net8.0\tests.dll" id="57f6df02-2fee-a83a-6986-4d335ac893d7">
      <Execution id="98bb896f-b4b2-4354-9838-2af3ffb44d80" />
      <TestMethod codeBase="C:\Users\natha\Desktop\PROYECTO II\SIGEBI2\Tests\bin\Debug\net8.0\Tests.dll" adapterTypeName="executor://mstestadapter/v2" className="Tests.ConfiguracionServiceTests" name="ObtenerConfiguracion_DeberiaRetornarConfiguracionActual" />
    </UnitTest>
    <UnitTest name="ObtenerPorPrestamo_DeberiaRetornarDetallesCorrectos" storage="c:\users\natha\desktop\proyecto ii\sigebi2\tests\bin\debug\net8.0\tests.dll" id="60f942d1-df6b-b1a6-a648-3f2e32796cce">
      <Execution id="577d7827-b9a5-4f20-ad4f-2515026fccc5" />
      <TestMethod codeBase="C:\Users\natha\Desktop\PROYECTO II\SIGEBI2\Tests\bin\Debug\net8.0\Tests.dll" adapterTypeName="executor://mstestadapter/v2" className="Tests.DetallePrestamoRepositoryTests" name="ObtenerPorPrestamo_DeberiaRetornarDetallesCorrectos" />
    </UnitTest>
    <UnitTest name="EstaDisponible_DeberiaRetornarTruePorDefecto" storage="c:\users\natha\desktop\proyecto ii\sigebi2\tests\bin\debug\net8.0\tests.dll" id="7d52a1f8-3a44-d1c8-4163-e0633e897ad2">
      <Execution id="eb229675-0a53-47ae-8bd6-6cc6cdd43d3a" />
      <TestMethod codeBase="C:\Users\natha\Desktop\PROYECTO II\SIGEBI2\Tests\bin\Debug\net8.0\Tests.dll" adapterTypeName="executor://mstestadapter/v2" className="Tests.LibroRepositoryTests" name="EstaDisponible_DeberiaRetornarTruePorDefecto" />
    </UnitTest>
    <UnitTest name="ObtenerUsuarios_DeberiaRetornarLista" storage="c:\users\natha\desktop\proyecto ii\sigebi2\tests\bin\debug\net8.0\tests.dll" id="bf93dc6a-d071-3c56-1f3c-796e1d62f918">
      <Execution id="8a558790-358e-4c87-8f51-8ecfcdb9fba1" />
      <TestMethod codeBase="C:\Users\natha\Desktop\PROYECTO II\SIGEBI2\Tests\bin\Debug\net8.0\Tests.dll" adapterTypeName="executor://mstestadapter/v2" className="Tests.UsuarioRepositoryTests" name="ObtenerUsuarios_DeberiaRetornarLista" />
    </UnitTest>
    <UnitTest name="ActualizarLibro_DeberiaModificarCampos" storage="c:\users\natha\desktop\proyecto ii\sigebi2\tests\bin\debug\net8.0\tests.dll" id="198e8709-fae6-e5af-47ec-940a71201de4">
      <Execution id="3267e7ce-604c-496a-8a84-ff1f8f2de316" />
      <TestMethod codeBase="C:\Users\natha\Desktop\PROYECTO II\SIGEBI2\Tests\bin\Debug\net8.0\Tests.dll" adapterTypeName="executor://mstestadapter/v2" className="Tests.LibroRepositoryTests" name="ActualizarLibro_DeberiaModificarCampos" />
    </UnitTest>
    <UnitTest name="CrearUsuario_DeberiaGuardarCorrectamente" storage="c:\users\natha\desktop\proyecto ii\sigebi2\tests\bin\debug\net8.0\tests.dll" id="c7114356-7df2-9da0-c4ef-82cfd3ee0779">
      <Execution id="f7c212b0-6744-400d-9ce1-29fb6db32dac" />
      <TestMethod codeBase="C:\Users\natha\Desktop\PROYECTO II\SIGEBI2\Tests\bin\Debug\net8.0\Tests.dll" adapterTypeName="executor://mstestadapter/v2" className="Tests.UsuarioRepositoryTests" name="CrearUsuario_DeberiaGuardarCorrectamente" />
    </UnitTest>
    <UnitTest name="EliminarUsuario_DeberiaEliminarCorrectamente" storage="c:\users\natha\desktop\proyecto ii\sigebi2\tests\bin\debug\net8.0\tests.dll" id="162c552b-224d-3eae-9009-bfb446c1baf1">
      <Execution id="f8e552e0-8960-4cc7-b318-ba543b25a66e" />
      <TestMethod codeBase="C:\Users\natha\Desktop\PROYECTO II\SIGEBI2\Tests\bin\Debug\net8.0\Tests.dll" adapterTypeName="executor://mstestadapter/v2" className="Tests.UsuarioRepositoryTests" name="EliminarUsuario_DeberiaEliminarCorrectamente" />
    </UnitTest>
    <UnitTest name="CrearLibro_DeberiaAgregarLibro" storage="c:\users\natha\desktop\proyecto ii\sigebi2\tests\bin\debug\net8.0\tests.dll" id="592fafa7-e46b-fc80-bd9b-2b8aea086276">
      <Execution id="53ab6bd2-f303-412b-bcf8-2732fdcfdcdd" />
      <TestMethod codeBase="C:\Users\natha\Desktop\PROYECTO II\SIGEBI2\Tests\bin\Debug\net8.0\Tests.dll" adapterTypeName="executor://mstestadapter/v2" className="Tests.LibroRepositoryTests" name="CrearLibro_DeberiaAgregarLibro" />
    </UnitTest>
  </TestDefinitions>
  <TestEntries>
    <TestEntry testId="95f0d1c0-bd2e-e7ca-f2b0-3d365b7c63cb" executionId="e4162955-7d3d-4a60-8d59-cde6f4b6a04d" testListId="8c84fa94-04c1-424b-9868-57a2d4851a1d" />
    <TestEntry testId="af8ea901-a396-ca62-d6d4-aff20ab90444" executionId="082355cc-0442-4838-8fdf-5f6c67b11590" testListId="8c84fa94-04c1-424b-9868-57a2d4851a1d" />
    <TestEntry testId="57f6df02-2fee-a83a-6986-4d335ac893d7" executionId="98bb896f-b4b2-4354-9838-2af3ffb44d80" testListId="8c84fa94-04c1-424b-9868-57a2d4851a1d" />
    <TestEntry testId="df41c359-3501-e07b-b695-540b8f097f23" executionId="d3bba6f5-93cc-41a7-9f5e-62adb451cd63" testListId="8c84fa94-04c1-424b-9868-57a2d4851a1d" />
    <TestEntry testId="162c552b-224d-3eae-9009-bfb446c1baf1" executionId="f8e552e0-8960-4cc7-b318-ba543b25a66e" testListId="8c84fa94-04c1-424b-9868-57a2d4851a1d" />
    <TestEntry testId="3a16017c-c8ea-3bf1-d29e-cbfb5aaae83a" executionId="a8046102-9334-489c-a0e1-a70ff76bcb33" testListId="8c84fa94-04c1-424b-9868-57a2d4851a1d" />
    <TestEntry testId="45bbe590-e7fa-a738-6832-4cfd0d74d08b" executionId="bc382ae3-8850-4115-b895-3b0ab9e2330a" testListId="8c84fa94-04c1-424b-9868-57a2d4851a1d" />
    <TestEntry testId="bf93dc6a-d071-3c56-1f3c-796e1d62f918" executionId="8a558790-358e-4c87-8f51-8ecfcdb9fba1" testListId="8c84fa94-04c1-424b-9868-57a2d4851a1d" />
    <TestEntry testId="198e8709-fae6-e5af-47ec-940a71201de4" executionId="3267e7ce-604c-496a-8a84-ff1f8f2de316" testListId="8c84fa94-04c1-424b-9868-57a2d4851a1d" />
    <TestEntry testId="5b95f6e0-6eba-402b-5f87-95cad14ce473" executionId="ab4132db-0937-4d94-a8d1-fd29b86c6dfe" testListId="8c84fa94-04c1-424b-9868-57a2d4851a1d" />
    <TestEntry testId="c63944cf-742c-8f06-2dba-ad74ec80fcb2" executionId="8d745844-81fd-4ca7-81aa-65dea18941c9" testListId="8c84fa94-04c1-424b-9868-57a2d4851a1d" />
    <TestEntry testId="c7114356-7df2-9da0-c4ef-82cfd3ee0779" executionId="f7c212b0-6744-400d-9ce1-29fb6db32dac" testListId="8c84fa94-04c1-424b-9868-57a2d4851a1d" />
    <TestEntry testId="a5452635-fa8d-0740-c656-54a7e1a7ae8a" executionId="5ca4388e-ef76-4808-a1b8-1d6d11813977" testListId="8c84fa94-04c1-424b-9868-57a2d4851a1d" />
    <TestEntry testId="4c5989ee-2eef-abd7-3d39-af27603ace72" executionId="23824010-d1a3-4513-b6c7-af2bc29bb58a" testListId="8c84fa94-04c1-424b-9868-57a2d4851a1d" />
    <TestEntry testId="7d52a1f8-3a44-d1c8-4163-e0633e897ad2" executionId="eb229675-0a53-47ae-8bd6-6cc6cdd43d3a" testListId="8c84fa94-04c1-424b-9868-57a2d4851a1d" />
    <TestEntry testId="592fafa7-e46b-fc80-bd9b-2b8aea086276" executionId="53ab6bd2-f303-412b-bcf8-2732fdcfdcdd" testListId="8c84fa94-04c1-424b-9868-57a2d4851a1d" />
    <TestEntry testId="0f87dc05-79c9-73c1-3fa6-130ec8e0701e" executionId="a5b68f60-96c3-4d56-be3e-a1305b6ac87b" testListId="8c84fa94-04c1-424b-9868-57a2d4851a1d" />
    <TestEntry testId="f072455d-d1c7-b3df-601d-0e137fd171ae" executionId="8ce175a5-d96a-477a-a541-75ea6028a24f" testListId="8c84fa94-04c1-424b-9868-57a2d4851a1d" />
    <TestEntry testId="866774c8-1d71-53ee-66e6-d59f9be5aeb2" executionId="1833b310-e519-4322-90bf-8cafa61016f4" testListId="8c84fa94-04c1-424b-9868-57a2d4851a1d" />
    <TestEntry testId="80809000-ad3e-9518-968f-7d6850b255ba" executionId="21f01dae-803b-4955-a06f-d7469993617f" testListId="8c84fa94-04c1-424b-9868-57a2d4851a1d" />
    <TestEntry testId="60f942d1-df6b-b1a6-a648-3f2e32796cce" executionId="577d7827-b9a5-4f20-ad4f-2515026fccc5" testListId="8c84fa94-04c1-424b-9868-57a2d4851a1d" />
    <TestEntry testId="9ce84978-507e-9212-92e2-c7c3c7e2d4eb" executionId="6a534944-0a2b-4840-8e67-5af6403e68d5" testListId="8c84fa94-04c1-424b-9868-57a2d4851a1d" />
  </TestEntries>
  <TestLists>
    <TestList name="Resultados sin formato de lista" id="8c84fa94-04c1-424b-9868-57a2d4851a1d" />
    <TestList name="Todos los resultados cargados" id="19431567-8539-422a-85d7-44ee4e166bda" />
  </TestLists>
  <ResultSummary outcome="Completed">
    <Counters total="22" executed="22" passed="22" failed="0" error="0" timeout="0" aborted="0" inconclusive="0" passedButRunAborted="0" notRunnable="0" notExecuted="0" disconnected="0" warning="0" completed="0" inProgress="0" pending="0" />
    <Output>
      <StdOut>Probar paralelización habilitada para C:\Users\natha\Desktop\PROYECTO II\SIGEBI2\Tests\bin\Debug\net8.0\Tests.dll (Trabajos: 16, Ámbito: MethodLevel)&#xD;
</StdOut>
    </Output>
  </ResultSummary>
</TestRun>